outputs/variables.nemesis_hide    ......................................       [PLATFORM!=DARWIN, COMPILER!=CLANG]       SKIP   
outputs/iterative.vtk    .......................................................................       [VTK!=TRUE]       SKIP   
outputs/vtk.solution/diff_serial_mesh_parallel    ..............................................       [VTK!=TRUE]       SKIP   
outputs/vtk.files/serial    ....................................................................       [VTK!=TRUE]       SKIP   
outputs/vtk.solution/diff_serial_mesh    .......................................................       [VTK!=TRUE]       SKIP   
outputs/vtk.solution/diff_parallel_mesh    ......................       [#6149, VTK!=TRUE, MESH_MODE!=DISTRIBUTED]       SKIP   
outputs/vtk.files/parallel    ..................................................................       [VTK!=TRUE]       SKIP   
outputs/format.tecplot_bin_test_override    ...............................................       [TECPLOT!=FALSE]       SKIP   
outputs/nemesis.nemesis_scalar_distributed    .....................................       [MESH_MODE!=DISTRIBUTED]       SKIP   
outputs/nemesis.nemesis_elemental_distributed    ..................................       [MESH_MODE!=DISTRIBUTED]       SKIP   
transfers/multiapp_interpolation_transfer.fromsub_restricted    .........................       [PLATFORM!=DARWIN]       SKIP   
preconditioners/fsp.group/fsp_image    .........................................................       [VTK!=TRUE]       SKIP   
vectorpostprocessors/work_balance.work_balance/distributed    .....................       [MESH_MODE!=DISTRIBUTED]       SKIP   
mesh_modifiers/image_subdomain.2d    ...........................................................       [VTK!=TRUE]       SKIP   
mesh_modifiers/image_subdomain.3d    ...........................................................       [VTK!=TRUE]       SKIP   
meshgenerators/sidesets_by_normals_generator.generate_sidesets_normals_test    ....       [MESH_MODE!=REPPLICATED]       SKIP   
dgkernels/2d_diffusion_dg.proper_ghosting_with_action_parallel_distributed    .....       [MESH_MODE!=DISTRIBUTED]       SKIP   
dgkernels/2d_diffusion_dg.proper_ghosting_with_action_serial_distributed    .......       [MESH_MODE!=DISTRIBUTED]       SKIP   
dgkernels/2d_diffusion_dg.no_additional_rms_distributed    ........................       [MESH_MODE!=DISTRIBUTED]       SKIP   
functions/image_function.2d    .................................................................       [VTK!=TRUE]       SKIP   
functions/image_function.moose_logo    .........................................................       [VTK!=TRUE]       SKIP   
functions/image_function.3d    .................................................................       [VTK!=TRUE]       SKIP   
functions/image_function.threshold_adapt_parallel_check_files    ...............................       [VTK!=TRUE]       SKIP   
functions/image_function.threshold_adapt    ....................................................       [VTK!=TRUE]       SKIP   
functions/image_function.flip_dual    ..........................................................       [VTK!=TRUE]       SKIP   
functions/image_function.image_mesh_3d    ......................................................       [VTK!=TRUE]       SKIP   
functions/image_function.3d_subset    ..........................................................       [VTK!=TRUE]       SKIP   
functions/image_function.threshold_adapt_parallel    ...........................................       [VTK!=TRUE]       SKIP   
functions/image_function.crop    ...............................................................       [VTK!=TRUE]       SKIP   
functions/image_function.2d_elemental    .......................................................       [VTK!=TRUE]       SKIP   
functions/image_function.image_mesh_2d    ......................................................       [VTK!=TRUE]       SKIP   
functions/image_function.component    ..........................................................       [VTK!=TRUE]       SKIP   
functions/image_function.shift_and_scale    ....................................................       [VTK!=TRUE]       SKIP   
functions/image_function.flip    ...............................................................       [VTK!=TRUE]       SKIP   
functions/image_function.flip_quad    ..........................................................       [VTK!=TRUE]       SKIP   
functions/image_function.threshold    ..........................................................       [VTK!=TRUE]       SKIP   
functions/image_function.subset    .............................................................       [VTK!=TRUE]       SKIP   
functions/image_function/error.errors/component    .............................................       [VTK!=TRUE]       SKIP   
functions/image_function/error.errors/file_suffix    ...........................................       [VTK!=TRUE]       SKIP   
functions/image_function/error.errors/invalid_file    ..........................................       [VTK!=TRUE]       SKIP   
relationship_managers/geometric_neighbors.geometric_edge_neighbor_3D    .................       [PLATFORM!=DARWIN]       SKIP   
relationship_managers/two_rm.evaluable_neighbors_distributed    ...................       [MESH_MODE!=DISTRIBUTED]       SKIP   
relationship_managers/evaluable.evaluable_neighbors_distributed    ................       [MESH_MODE!=DISTRIBUTED]       SKIP   
relationship_managers/evaluable.edge_neighbor_3D    .....................................       [PLATFORM!=DARWIN]       SKIP   
problems/eigen_problem.no_slepc    ..........................................................       [SLEPC!=FALSE]       SKIP   
mesh/subdomain_partitioner.subdomain_partitioner    [using PETSc 3.10.5 REQ: >=3.5.0&&<3.8.0, PLATFORM!=...]       SKIP   
mesh/subdomain_partitioner.subdomain_partitioner_linux    ........       [using PETSc 3.10.5 REQ: >=3.5.0&&<3.8.0]       SKIP   
mesh/splitting.split_with_distributed_error    ....................................       [MESH_MODE!=DISTRIBUTED]       SKIP   
controls/error.tid_warehouse_error    ........................................................       [METHOD!=DBG]       SKIP   
partitioners/petsc_partitioner.parmetis_weight_both_64    .........................       [--with-dof-id-bytes!=8]       SKIP   
partitioners/petsc_partitioner.chaco    ....................................       [PLATFORM!=DARWIN, CHACO!=TRUE]       SKIP   
partitioners/petsc_partitioner.ptscotch_weight_both    ....................................       [PTSCOTCH!=TRUE]       SKIP   
partitioners/petsc_partitioner.parmetis_weight_element_64    ......................       [--with-dof-id-bytes!=8]       SKIP   
partitioners/petsc_partitioner.ptscotch    ................................................       [PTSCOTCH!=TRUE]       SKIP   
partitioners/petsc_partitioner.ptscotch_weight_side    ....................................       [PTSCOTCH!=TRUE]       SKIP   
partitioners/petsc_partitioner.parmetis_weight_side_64    .........................       [--with-dof-id-bytes!=8]       SKIP   
partitioners/petsc_partitioner.ptscotch_weight_elment    ..................................       [PTSCOTCH!=TRUE]       SKIP   
partitioners/petsc_partitioner.party    ......................................................       [PARTY!=TRUE]       SKIP   
partitioners/block_weighted_partitioner.block_weight_partitioner/distributed_mesh    [MESH_MODE!=DISTRIB...]       SKIP   
misc/check_error.bad_second_order_test    ....................................................       [METHOD!=DBG]       SKIP   
misc/check_error.node_value_off_block    .....................................................       [METHOD!=DBG]       SKIP   
minimal_app.minimal    ........................................................................       [NO DISPLAY]       SKIP   
outputs/console.scalar_variables    ..........................................................................       OK   
outputs/console.input_output    ..............................................................................       OK   
outputs/console.print_linear_residuals_disable    ............................................................       OK   
outputs/exodus.input    ......................................................................................       OK   
outputs/console.no_outputs_block    ..........................................................................       OK   
outputs/console.norms    .....................................................................................       OK   
outputs/console.postprocessors    ............................................................................       OK   
outputs/exodus.invalid_hide    ...............................................................................       OK   
outputs/console.file_system_information    ...................................................................       OK   
outputs/console.file_postprocessor    ........................................................................       OK   
outputs/console.timing    ....................................................................................       OK   
outputs/console.file_scalar_aux    ...........................................................................       OK   
outputs/console._console_const    ............................................................................       OK   
outputs/console.transient    .................................................................................       OK   
outputs/console._console    ..................................................................................       OK   
outputs/console.console_final    .............................................................................       OK   
outputs/console.transient_perf_int    ........................................................................       OK   
outputs/console.perf_graph_disable    ........................................................................       OK   
outputs/console.additional_output_on    ......................................................................       OK   
outputs/console.console_fit_width_error    ...................................................................       OK   
outputs/console.warning    ...................................................................................       OK   
outputs/console.perf_graph    ................................................................................       OK   
outputs/console.file_solve_log    ............................................................................       OK   
tag.systems/test_tag_scalar_kernels    .......................................................................       OK   
outputs/console/multiapp.ts_end_multi_output    ..............................................................       OK   
outputs/console/multiapp.ts_begin_multi_output    ............................................................       OK   
outputs/residual.test    .....................................................................................       OK   
adaptivity/initial_adapt.test    .............................................................................       OK   
tag.general/tag_vector    ....................................................................................       OK   
adaptivity/initial_marker.test    ............................................................................       OK   
adaptivity/recompute_markers_during_cycles.test    ...........................................................       OK   
outputs/exodus.hide_output    ................................................................................       OK   
tag.general/tag_multiple_matrices    .........................................................................       OK   
outputs/exodus.basic    ......................................................................................       OK   
tag.systems/test_tag_itegratedBCs    .........................................................................       OK   
outputs/exodus.enable_initial    .............................................................................       OK   
outputs/exodus.output_all    .................................................................................       OK   
outputs/exodus.nodal_output    ...............................................................................       OK   
tag.general/tag_matrix    ....................................................................................       OK   
tag.systems/test_tag_nodal_kernels    ........................................................................       OK   
tag.systems/test_tag_DG_kernels    ...........................................................................       OK   
tag.general/tag_multiple_vectors    ..........................................................................       OK   
tag.systems/test_tag_interface_kernels    ....................................................................       OK   
outputs/console/multiapp.picard_norm_output    ...............................................................       OK   
outputs/postprocessor.test_hidden_shown    ...................................................................       OK   
outputs/console/multiapp.ts_both_multi_output    .............................................................       OK   
adaptivity/cycles_per_step.test    ...........................................................................       OK   
outputs/postprocessor.invalid_outputs    .....................................................................       OK   
outputs/xda.group/xda    .....................................................................................       OK   
outputs/postprocessor.show_hide    ...........................................................................       OK   
outputs/postprocessor.console    .............................................................................       OK   
adaptivity/interval.test    ..................................................................................       OK   
outputs/xda.group/xdr    .....................................................................................       OK   
outputs/hide_vector_pp.test    ...............................................................................       OK   
adaptivity/max_h_level.test    ...............................................................................       OK   
outputs/exodus.discontinuous    ..............................................................................       OK   
outputs/append_date.test    ..................................................................................       OK   
tag.systems/test_tag_dirac_kernels    ........................................................................       OK   
outputs/output_on.postprocessor    ...........................................................................       OK   
outputs/output_on.show_outputs    ............................................................................       OK   
outputs/intervals.no_output    ...............................................................................       OK   
outputs/output_dimension.test    .............................................................................       OK   
outputs/intervals.output_final    ............................................................................       OK   
outputs/intervals.sync_times    ..............................................................................       OK   
outputs/intervals.no_final_repeat    .........................................................................       OK   
outputs/postprocessor.limit    ...............................................................................       OK   
outputs/subdir_output.test    ................................................................................       OK   
outputs/output_interface.group/markers    ....................................................................       OK   
outputs/variables.block_hide    ..............................................................................       OK   
outputs/variables.test_nonexistent    ........................................................................       OK   
outputs/variables.test_hidden_shown    .......................................................................       OK   
outputs/position.test    .....................................................................................       OK   
outputs/variables.show_single_vars    ........................................................................       OK   
outputs/iterative.iterative/exodus_steady    .................................................................       OK   
outputs/overwrite.test    ....................................................................................       OK   
outputs/error.reserved/all_reserved    .......................................................................       OK   
outputs/variables.test    ....................................................................................       OK   
outputs/iterative.start_stop/exodus_inline    ................................................................       OK   
outputs/iterative.csv    .....................................................................................       OK   
outputs/iterative.start_stop/output_start_step    ............................................................       OK   
outputs/gmv.test    ..........................................................................................       OK   
outputs/csv_final_and_latest.final    ........................................................................       OK   
outputs/error.duplicate_output_files    ......................................................................       OK   
outputs/iterative.exodus    ..................................................................................       OK   
outputs/csv_final_and_latest.latest    .......................................................................       OK   
outputs/error.duplicate_objects    ...........................................................................       OK   
outputs/iterative.start_stop/output_step_window    ...........................................................       OK   
outputs/error.reserved/none_reserved    ......................................................................       OK   
outputs/intervals.no_intermediate    .........................................................................       OK   
outputs/iterative.start_stop/output_end_step    ..............................................................       OK   
outputs/postprocessor_final.group/execute_pps_on_final    ....................................................       OK   
outputs/postprocessor_final.group/test    ....................................................................       OK   
outputs/iterative.start_stop/exodus_start_time    ............................................................       OK   
outputs/common.console/postprocessors    .....................................................................       OK   
outputs/displaced.non_displaced_fallback    ..................................................................       OK   
outputs/common.console/scalar_variables    ...................................................................       OK   
outputs/common.exodus    .....................................................................................       OK   
outputs/csv.sort    ..........................................................................................       OK   
outputs/transferred_scalar_variable.group/exodus    ..........................................................       OK   
outputs/variables.show_hide    ...............................................................................       OK   
outputs/csv.align    .........................................................................................       OK   
outputs/oversample.group/oversample_filemesh    ..............................................................       OK   
outputs/csv.steady    ........................................................................................       OK   
outputs/checkpoint.block/recover_with_checkpoint_block_half_transient    .....................................       OK   
outputs/checkpoint.default/recover_half_transient    .........................................................       OK   
outputs/oversample.group/oversample    .......................................................................       OK   
outputs/intervals.time_step    ...............................................................................       OK   
outputs/checkpoint.interval/test_files    ....................................................................       OK   
outputs/csv.no_time    .......................................................................................       OK   
outputs/csv.transient    .....................................................................................       OK   
outputs/system_info.mesh    ..................................................................................       OK   
outputs/system_info.nonlinear    .............................................................................       OK   
outputs/intervals.multiple_sync_times    .....................................................................       OK   
outputs/displaced.use_displaced    ...........................................................................       OK   
outputs/output_interface.group/indicators    .................................................................       OK   
outputs/system_info.basic    .................................................................................       OK   
outputs/format.tecplot_out_test    ...........................................................................       OK   
outputs/format.tecplot_bin_test    ...........................................................................       OK   
outputs/system_info.aux    ...................................................................................       OK   
outputs/oversample.example/ex02_adapt    .....................................................................       OK   
outputs/oversample.example/ex02    ...........................................................................       OK   
outputs/format.pps_screen_out_warn_test    ...................................................................       OK   
outputs/format.gmv_out_test    ...............................................................................       OK   
outputs/format.xdr_output    .................................................................................       OK   
outputs/format.sln_out_test    ...............................................................................       OK   
outputs/format.gnuplot_gif_out_test    .......................................................................       OK   
outputs/format.gnuplot_png_out_test    .......................................................................       OK   
outputs/format.gnuplot_ps_out_test    ........................................................................       OK   
outputs/format.nemesis_out_test    ...........................................................................       OK   
outputs/dofmap.group/simple    ...............................................................................       OK   
outputs/dofmap.group/simple_screen    ........................................................................       OK   
outputs/iterative.iterative/exodus_steady_sequence    ........................................................       OK   
outputs/debug.show_top_residuals    ..........................................................................       OK   
outputs/dofmap.group/uniform_refine    .......................................................................       OK   
outputs/debug.show_top_residuals_debug    ....................................................................       OK   
outputs/oversample.group/test_file    ........................................................................       OK   
outputs/png.image_tests/wedge    .............................................................................       OK   
outputs/debug.show_material_props_block    ...................................................................       OK   
outputs/png.image_tests/square_domain    .....................................................................       OK   
outputs/debug.show_top_residuals_scalar    ...................................................................       OK   
outputs/csv.restart/restart_part1    .........................................................................       OK   
outputs/dofmap.group/transient    ............................................................................       OK   
outputs/debug.show_material_props    .........................................................................       OK   
outputs/debug.show_top_residuals_nonlinear_only    ...........................................................       OK   
outputs/tecplot.test    ......................................................................................       OK   
outputs/tecplot.test_binary    ...............................................................................       OK   
outputs/tecplot.test_append    ...............................................................................       OK   
outputs/displacement.test    .................................................................................       OK   
outputs/output_if_base_contains.dt_from_master    ............................................................       OK   
outputs/png.image_tests/adv_diff_reaction    .................................................................       OK   
outputs/nemesis.test    ......................................................................................       OK   
outputs/xda_xdr.both_xda_and_xdr    ..........................................................................       OK   
outputs/displacement.displacement_transient_test    ..........................................................       OK   
outputs/perf_graph/multi_app.perf_with_full    ...............................................................       OK   
outputs/misc.getOutput    ....................................................................................       OK   
outputs/misc.getOutputs    ...................................................................................       OK   
outputs/misc.getOutputNames    ...............................................................................       OK   
outputs/misc.getOutputs_with_names    ........................................................................       OK   
outputs/misc.default_names    ................................................................................       OK   
outputs/displacement.displaced_eq_test    ....................................................................       OK   
auxkernels/time_derivative.coupled_aux_time_derivative    ....................................................       OK   
auxkernels/normalization_aux.normalization_aux_shift    ......................................................       OK   
auxkernels/normalization_aux.normalization_aux    ............................................................       OK   
outputs/recover.part1    .....................................................................................       OK   
auxkernels/time_derivative.implicit_euler    .................................................................       OK   
outputs/debug.show_var_residual_norms_debug    ...............................................................       OK   
auxkernels/aux_nodal_scalar_kernel.test    ...................................................................       OK   
outputs/debug.show_var_residual_norms    .....................................................................       OK   
outputs/oversample.group/test_gen    .........................................................................       OK   
auxkernels/vectorpostprocessor.test    .......................................................................       OK   
auxkernels/time_derivative.time_derivative_nl    .............................................................       OK   
outputs/oversample.group/adapt    ............................................................................       OK   
auxkernels/grad_component.lagrange    ........................................................................       OK   
outputs/perf_graph/multi_app.perf_with_multi    ..............................................................       OK   
auxkernels/grad_component.monomial    ........................................................................       OK   
auxkernels/nearest_node_value.test    ........................................................................       OK   
auxkernels/element_aux_var.high_order_l2_test    .............................................................       OK   
auxkernels/element_aux_var.high_order_test    ................................................................       OK   
auxkernels/element_aux_var.block_global_depend_resolve    ....................................................       OK   
outputs/perf_graph.test    ...................................................................................       OK   
auxkernels/element_aux_var.test    ...........................................................................       OK   
auxkernels/element_aux_var.sort_test    ......................................................................       OK   
auxkernels/current_boundary_id.current_boundary_id    ........................................................       OK   
outputs/perf_graph/multi_app.perf_with_sub_cycle    ..........................................................       OK   
auxkernels/vector_magnitude.test    ..........................................................................       OK   
auxkernels/flux_average.test    ..............................................................................       OK   
auxkernels/diffusion_flux.test    ............................................................................       OK   
auxkernels/element_aux_boundary.test    ......................................................................       OK   
auxkernels/nodal_aux_boundary.test    ........................................................................       OK   
auxkernels/nodal_aux_var.test    .............................................................................       OK   
auxkernels/nodal_aux_var.multi_update_elem_test    ...........................................................       OK   
auxkernels/nodal_aux_var.sort_test    ........................................................................       OK   
auxkernels/nodal_aux_var.init_test    ........................................................................       OK   
auxkernels/nodal_aux_var.ts_test    ..........................................................................       OK   
auxkernels/nodal_aux_var.multi_update_test    ................................................................       OK   
auxkernels/solution_aux.aux_nonlinear_solution    ............................................................       OK   
auxkernels/element_length.test    ............................................................................       OK   
auxkernels/error_function_aux.error_function_aux    ..........................................................       OK   
auxkernels/element_quality_aux.test    .......................................................................       OK   
auxkernels/solution_aux.multiple_input_error    ..............................................................       OK   
auxkernels/function_scalar_aux.test    .......................................................................       OK   
outputs/format.no_double_executioner_output    ...............................................................       OK   
auxkernels/solution_aux.exodus_elem_map    ...................................................................       OK   
auxkernels/solution_aux.exodus    ............................................................................       OK   
auxkernels/solution_aux.exodus_file_extension    .............................................................       OK   
auxkernels/solution_aux.exodus_direct    .....................................................................       OK   
auxkernels/solution_aux.exodus_interp    .....................................................................       OK   
auxkernels/solution_aux.exodus_interp_direct    ..............................................................       OK   
auxkernels/solution_aux.build    .............................................................................       OK   
auxkernels/solution_aux.aux_nonlinear_solution_adapt    ......................................................       OK   
outputs/format.yaml_dump_test    .............................................................................       OK   
outputs/format.hit_search    .................................................................................       OK   
auxkernels/solution_aux.exodus_elemental_only    .............................................................       OK   
auxkernels/hardware_id_aux.test    ...........................................................................       OK   
auxkernels/solution_aux.exodus_elemental    ..................................................................       OK   
auxkernels/solution_aux.multiple_input    ....................................................................       OK   
auxkernels/array_var_component.test    .......................................................................       OK   
auxkernels/gap_value.test_restricted    ......................................................................       OK   
auxkernels/gap_value.test    .................................................................................       OK   
auxkernels/bounds.test    ....................................................................................       OK   
auxkernels/solution_scalar_aux.build    ......................................................................       OK   
auxkernels/pp_depend.test    .................................................................................       OK   
auxkernels/element_var.test    ...............................................................................       OK   
auxkernels/linear_combination.test    ........................................................................       OK   
auxkernels/solution_aux.exodus_interp_restart1    ............................................................       OK   
auxkernels/parsed_aux.test    ................................................................................       OK   
auxkernels/quotient_aux.quotient_aux    ......................................................................       OK   
auxkernels/aux_scalar_deps.test    ...........................................................................       OK   
auxkernels/vector_function_aux.VectorFunctionAux    ..........................................................       OK   
auxkernels/old_older_material_aux.test    ....................................................................       OK   
constraints/nodal_constraint.displaced_test    ...............................................................       OK   
auxkernels/execute_on_cyclic.run    ..........................................................................       OK   
constraints/tied_value_constraint.test    ....................................................................       OK   
constraints/nodal_constraint.test    .........................................................................       OK   
outputs/format.json_no_test_objects    .......................................................................       OK   
constraints/equal_value_boundary_constraint.test    ..........................................................       OK   
constraints/coupled_tied_value_constraint.test    ............................................................       OK   
constraints/equal_value_embedded_constraint.1D_2D_kinematic    ...............................................       OK   
auxkernels/constant_scalar_aux.test    .......................................................................       OK   
transfers/multiapp_postprocessor_to_scalar.error/sub_to_master_wrong_positions    ............................       OK   
transfers/multiapp_scalar_to_auxscalar_transfer/from_sub.sub_to_master_wrong_order    ........................       OK   
outputs/format.json_full    ..................................................................................       OK   
outputs/format.json_line_info    .............................................................................       OK   
auxkernels/time_integration.time_integration_aux    ..........................................................       OK   
transfers/multiapp_scalar_to_auxscalar_transfer/to_sub.master_to_sub_wrong_order    ..........................       OK   
transfers/multiapp_postprocessor_transfer.from_one_sub    ....................................................       OK   
transfers/multiapp_postprocessor_transfer.transfer/from_multiapp    ..........................................       OK   
outputs/format.json_no_template    ...........................................................................       OK   
outputs/format.definition_childatleastone_test    ............................................................       OK   
outputs/format.definition_minvalinc_inputdefault_test    .....................................................       OK   
transfers/multiapp_postprocessor_to_scalar.error/sub_to_master_wrong_order    ................................       OK   
transfers/multiapp_scalar_to_auxscalar_transfer/from_sub.sub_to_master    ....................................       OK   
outputs/oversample.group/test_first_order    .................................................................       OK   
transfers/multiapp_mesh_function_transfer.errors/missed_point    .............................................       OK   
outputs/format.definition_active_parameter_test    ...........................................................       OK   
outputs/format.definition_valenum_test    ....................................................................       OK   
transfers/multiapp_copy_transfer/aux_to_aux.errors/error_from_sub_to_master    ...............................       OK   
transfers/multiapp_mesh_function_transfer.errors/mismatch_exec_on    .........................................       OK   
outputs/format.definition_normal_sub_test    .................................................................       OK   
transfers/multiapp_copy_transfer/errors.different_variable_type    ...........................................       OK   
transfers/multiapp_copy_transfer/aux_to_aux.errors/error_to_sub_to_master    .................................       OK   
transfers/multiapp_copy_transfer/errors.different_mesh    ....................................................       OK   
outputs/format.definition_type_sub_test    ...................................................................       OK   
outputs/format.definition_default_type_test    ...............................................................       OK   
outputs/format.hit    ........................................................................................       OK   
transfers/multiapp_scalar_to_auxscalar_transfer/to_sub.master_to_sub    ......................................       OK   
transfers/multiapp_postprocessor_to_scalar.transfer/master_to_sub    .........................................       OK   
transfers/multiapp_postprocessor_to_scalar.transfer/sub_to_master    .........................................       OK   
outputs/format.definition_existsin_test    ...................................................................       OK   
outputs/format.definition_expressions_are_okay_test    .......................................................       OK   
transfers/multiapp_mesh_function_transfer.transfer/fromsub_target_displaced    ...............................       OK   
transfers/multiapp_mesh_function_transfer.transfer/fromsub    ................................................       OK   
transfers/multiapp_mesh_function_transfer.transfer/fromsub_source_displaced    ...............................       OK   
transfers/multiapp_copy_transfer/linear_lagrange_from_sub.test    ............................................       OK   
transfers/multiapp_userobject_transfer.two_pipes    ..........................................................       OK   
transfers/multiapp_projection_transfer.transfer/fromsub    ...................................................       OK   
transfers/multiapp_postprocessor_transfer.transfer/to_multiapp    ............................................       OK   
transfers/multiapp_copy_transfer/constant_monomial_from_sub.test    ..........................................       OK   
transfers/multiapp_postprocessor_interpolation_transfer.basis/test    ........................................       OK   
transfers/multiapp_postprocessor_interpolation_transfer.basis/radial_basis    ................................       OK   
transfers/multiapp_userobject_transfer.transfer/3d_1d    .....................................................       OK   
transfers/multiapp_projection_transfer.fixed_meshes    .......................................................       OK   
transfers/multiapp_projection_transfer.transfer/tosub    .....................................................       OK   
transfers/multiapp_conservative_transfer.conservative_transfer    ............................................       OK   
transfers/multiapp_mesh_function_transfer.transfer/tosub    ..................................................       OK   
transfers/multiapp_copy_transfer/second_lagrange_to_sub.test    ..............................................       OK   
transfers/multiapp_copy_transfer/linear_lagrange_to_sub.test    ..............................................       OK   
transfers/multiapp_copy_transfer/third_monomial_to_sub.test    ...............................................       OK   
transfers/multiapp_mesh_function_transfer.transfer/tosub_source_displaced    .................................       OK   
transfers/multiapp_high_order_variable_transfer.L2_Lagrange_userobject    ....................................       OK   
transfers/multiapp_conservative_transfer.conservative_transfer_nearest_point    ..............................       OK   
transfers/transfer_on_final.transfer_on_final    .............................................................       OK   
transfers/multiapp_copy_transfer/constant_monomial_to_sub.test    ............................................       OK   
transfers/multiapp_copy_transfer/second_lagrange_from_sub.test    ............................................       OK   
transfers/multiapp_conservative_transfer.conservative_transfer_subs    .......................................       OK   
transfers/multiapp_copy_transfer/third_monomial_from_sub.test    .............................................       OK   
transfers/multiapp_projection_transfer.high_order    .........................................................       OK   
transfers/multiapp_mesh_function_transfer.transfer/tosub_target_displaced    .................................       OK   
transfers/multiapp_nearest_node_transfer.boundary_tosub    ...................................................       OK   
kernels/material_derivatives.test_jacobian    ................................................................       OK   
transfers/multiapp_postprocessor_interpolation_transfer.basis/from_sub_to_master    ..........................       OK   
transfers/multiapp_postprocessor_interpolation_transfer.basis/from_sub_to_master_single_sub_file    ..........       OK   
kernels/diffusion_with_hanging_node.test_smp_jacobian    .....................................................       OK   
transfers/multiapp_high_order_variable_transfer.L2_Lagrange_interpolation    .................................       OK   
transfers/multiapp_high_order_variable_transfer.L2_Lagrange    ...............................................       OK   
transfers/multiapp_nearest_node_transfer.tosub    ............................................................       OK   
transfers/multiapp_nearest_node_transfer.fromsub_fixed_meshes    .............................................       OK   
transfers/multiapp_nearest_node_transfer.fromsub    ..........................................................       OK   
transfers/multiapp_high_order_variable_transfer.L2_Lagrange_nearest_node    ..................................       OK   
transfers/multiapp_high_order_variable_transfer.L2_Lagrange_different_mesh    ................................       OK   
outputs/format.json_search    ................................................................................       OK   
transfers/multiapp_userobject_transfer.transfer/to_sub_displaced    ..........................................       OK   
kernels/ode.test_coupled_ode_td    ...........................................................................       OK   
kernels/array_kernels.test    ................................................................................       OK   
transfers/multiapp_postprocessor_interpolation_transfer.basis/multilevel    ..................................       OK   
kernels/ode.test_expl    .....................................................................................       OK   
transfers/multiapp_interpolation_transfer.tosub    ...........................................................       OK   
kernels/jxw_grad_test_dep_on_displacements.jxw_jacobian_spherical    .........................................       OK   
transfers/multiapp_variable_value_sample_transfer.test    ....................................................       OK   
kernels/array_kernels.test_diffusion_reaction_coupling    ....................................................       OK   
kernels/conservative_advection.upwinding/full_upwinding_jacobian    ..........................................       OK   
kernels/conservative_advection.upwinding/no_upwinding_jacobian    ............................................       OK   
transfers/multiapp_userobject_transfer.transfer/to_sub    ....................................................       OK   
kernels/array_kernels.test_diffusion_reaction_other_coupling    ..............................................       OK   
transfers/multiapp_nearest_node_transfer.boundary_tomaster    ................................................       OK   
kernels/conservative_advection.upwinding/full_upwinding_1D    ................................................       OK   
kernels/conservative_advection.upwinding/no_upwinding_1D    ..................................................       OK   
transfers/multiapp_nearest_node_transfer.two_way_many_apps    ................................................       OK   
kernels/conservative_advection.upwinding/none_in_all_out    ..................................................       OK   
transfers/multiapp_userobject_transfer.transfer/from_sub    ..................................................       OK   
kernels/conservative_advection.upwinding/none_in_none_out    .................................................       OK   
kernels/jxw_grad_test_dep_on_displacements.jxw_jacobian_cylindrical    .......................................       OK   
transfers/multiapp_copy_transfer/aux_to_aux.transfer/to_sub_to_master    .....................................       OK   
kernels/ad_mat_diffusion.2D_steady_state    ..................................................................       OK   
kernels/ad_mat_diffusion.ad_2D_steady_state    ...............................................................       OK   
transfers/multiapp_copy_transfer/aux_to_aux.transfer/from_sub_to_master    ...................................       OK   
kernels/array_kernels.test_diffusion_reaction    .............................................................       OK   
kernels/ad_2d_diffusion.testdirichlet-jac    .................................................................       OK   
kernels/transient_vector_diffusion.jac_transient_vector_diffusion    .........................................       OK   
kernels/kernel_precompute.test    ............................................................................       OK   
transfers/multiapp_nearest_node_transfer.parallel    ............................................       [min_cpus=2]       OK   
kernels/scalarkernel_vectorpostprocessor.test    .............................................................       OK   
transfers/transfer_interpolation.test    .....................................................................       OK   
transfers/multiapp_interpolation_transfer.fromsub    .........................................................       OK   
kernels/ad_2d_diffusion.testdirichlet    .....................................................................       OK   
kernels/ode.test_sys_impl    .................................................................................       OK   
kernels/ad_mat_diffusion.ad_1D_transient_jacobian    .........................................................       OK   
kernels/array_kernels.test_save_in    ........................................................................       OK   
kernels/coupled_time_derivative.jac_vectortestdirichlet    ...................................................       OK   
kernels/ad_jacobians.testbodyforce-jac    ....................................................................       OK   
kernels/2d_diffusion.actual_linear_solver    .................................................................       OK   
kernels/block_kernel.block_restriction/variable    ...........................................................       OK   
kernels/bad_scaling_scalar_kernels.poorly-conditioned-field-scalar-system    .................................       OK   
kernels/ad_simple_diffusion.test    ..........................................................................       OK   
kernels/block_kernel.block_restriction/kernel    .............................................................       OK   
transfers/multiapp_conservative_transfer.conservative_transfer_userobject_transfer    ........................       OK   
kernels/transient_vector_diffusion.transient_vector_diffusion    .............................................       OK   
kernels/ad_coupled_convection.test    ........................................................................       OK   
kernels/ad_2d_diffusion.testbodyforce    .....................................................................       OK   
kernels/vector_fe.lagrange_vec_1d_jac    .....................................................................       OK   
kernels/bad_scaling_scalar_kernels.auto-scaled-field-scalar-system    ........................................       OK   
kernels/ad_mat_diffusion.1D_transient    .....................................................................       OK   
kernels/2d_diffusion.testmatdiffusion    .....................................................................       OK   
kernels/vector_fe.coupled_scalar_default_vector_input_and_warn    ............................................       OK   
kernels/vector_fe.jacobian    ................................................................................       OK   
kernels/coefficient_time_derivative.test    ..................................................................       OK   
kernels/vector_fe.ad_lagrange_vec_jacobian    ................................................................       OK   
kernels/vector_fe.comp_error    ..............................................................................       OK   
kernels/vector_fe.vector_fe    ...............................................................................       OK   
kernels/vector_fe.coupled_scalar_default_vector_jacobian    ..................................................       OK   
kernels/vector_fe.coupled_scalar_default_vector_source    ....................................................       OK   
kernels/ad_transient_diffusion.jac_ad_transient_vector_diffusion    ..........................................       OK   
kernels/vector_fe.lagrange_vec_1d    .........................................................................       OK   
kernels/vector_fe.coupled_scalar_vector    ...................................................................       OK   
kernels/ad_transient_diffusion.jac_ad_transient_diffusion    .................................................       OK   
kernels/ad_vector_couple.ad_vector_couple_default    .........................................................       OK   
kernels/simple_diffusion.diffusion_100x100    ................................................................       OK   
kernels/mass_lumping.mass_lumping_jacobian    ................................................................       OK   
kernels/vector_fe.coupled_vector_gradient    .................................................................       OK   
kernels/ad_transient_diffusion.ad_transient_diffusion    .....................................................       OK   
kernels/ad_vector_couple.ad_vector_couple    .................................................................       OK   
transfers/from_full_solve.test    ............................................................................       OK   
kernels/simple_transient_diffusion.trans_diffusion_100x100_t5    .............................................       OK   
kernels/simple_transient_diffusion.trans_diffusion_100x100_t10    ............................................       OK   
kernels/simple_transient_diffusion.cant-solve-poorly-scaled    ...............................................       OK   
kernels/2d_diffusion.testbodyforce    ........................................................................       OK   
kernels/ad_vector_couple.ad_grad_vector_couple    ............................................................       OK   
kernels/simple_transient_diffusion.cant-solve-large-transient-changes    .....................................       OK   
kernels/mass_lumping.mass_lumping    .........................................................................       OK   
kernels/simple_diffusion.test    .............................................................................       OK   
kernels/simple_diffusion.diffusion_200x200    ................................................................       OK   
kernels/vector_fe.coupled_gradient_dot_em_gauge    ...........................................................       OK   
kernels/2d_diffusion.testneumann    ..........................................................................       OK   
kernels/coupled_time_derivative.testdirichlet    .............................................................       OK   
kernels/simple_diffusion.uniform_refine_4    .................................................................       OK   
kernels/tag_errors/tag_doesnt_exist.bad_transient    .........................................................       OK   
kernels/tag_errors/tag_doesnt_exist.bad_matrix_tag    ........................................................       OK   
kernels/tag_errors/tag_doesnt_exist.bad_vector_tag    ........................................................       OK   
transfers/transfer_with_reset.test    ........................................................................       OK   
kernels/tag_errors/no_tags.test    ...........................................................................       OK   
kernels/simple_transient_diffusion.automatic-scaling-done-per-time-step    ...................................       OK   
kernels/ad_coupled_value.test_coupled_aux_jac    .............................................................       OK   
kernels/ad_coupled_value.test_ad_output    ...................................................................       OK   
kernels/simple_transient_diffusion.automatic-scaling-done-once    ............................................       OK   
kernels/scalar_constraint.bc    ..............................................................................       OK   
kernels/ad_max_dofs_per_elem_error.ad_max_dofs_per_elem_error    .............................................       OK   
kernels/scalar_constraint.kernel_disp    .....................................................................       OK   
kernels/scalar_constraint.kernel    ..........................................................................       OK   
kernels/vector_dot_dot.test    ...............................................................................       OK   
kernels/forcing_function.parsed_func_error_check    ..........................................................       OK   
kernels/simple_transient_diffusion.test    ...................................................................       OK   
kernels/ad_transient_diffusion.ad_transient_vector_diffusion    ..............................................       OK   
kernels/ad_coupled_value.test_coupled_dot_aux    .............................................................       OK   
predictors/simple.output    ..................................................................................       OK   
predictors/simple.skip/test_skip_old    ......................................................................       OK   
kernels/ad_coupled_value.test    .............................................................................       OK   
kernels/adv_diff_reaction.adv_diff_reaction/steady    ........................................................       OK   
kernels/ad_coupled_value.test_coupled_aux    .................................................................       OK   
markers/error_tolerance_marker.test    .......................................................................       OK   
markers/error_tolerance_marker.adapt_test    .................................................................       OK   
markers/error_fraction_marker.test    ........................................................................       OK   
markers/value_range_marker.test    ...........................................................................       OK   
markers/block_restricted.test    .............................................................................       OK   
markers/q_point_marker.test    ...............................................................................       OK   
markers/box_marker.mark_and_adapt    .........................................................................       OK   
markers/expected_error.displaced_error    ....................................................................       OK   
markers/box_marker.mark_only    ..............................................................................       OK   
kernels/forcing_function.body_force    .......................................................................       OK   
markers/error_fraction_marker.no_clear    ....................................................................       OK   
markers/value_threshold_marker.test    .......................................................................       OK   
time_steppers/iteration_adaptive.test_hit_knot_err1    .......................................................       OK   
time_steppers/iteration_adaptive.test_hit_knot_err2    .......................................................       OK   
markers/dont_mark.test    ....................................................................................       OK   
markers/uniform_marker.test    ...............................................................................       OK   
markers/two_circle_marker.group/two_circle_marker    .........................................................       OK   
markers/combo_marker.test    .................................................................................       OK   
markers/two_circle_marker.group/two_circle_marker_coarsen    .................................................       OK   
time_steppers/iteration_adaptive.test_piecewise_linear    ....................................................       OK   
time_steppers/logconstant_dt.logconstant_dt    ...............................................................       OK   
time_steppers/constant_dt.constant_dt    .....................................................................       OK   
time_steppers/iteration_adaptive.test_shrink_init_dt    ......................................................       OK   
kernels/adv_diff_reaction.adv_diff_reaction/transient    .....................................................       OK   
time_steppers/iteration_adaptive.test_grow_init_dt    ........................................................       OK   
predictors/simple.test    ....................................................................................       OK   
time_steppers/iteration_adaptive.test_hit_knot    ............................................................       OK   
predictors/simple.skip/test_skip    ..........................................................................       OK   
time_steppers/iteration_adaptive.test_grow_dtfunc    .........................................................       OK   
time_steppers/zero_dt.test    ................................................................................       OK   
time_steppers/iteration_adaptive.test_reject_large_dt    .....................................................       OK   
transfers/multiapp_variable_value_sample_transfer.pp/monomial_to_sub_pp    ...................................       OK   
time_steppers/function_dt.function_dt_no_interpolation    ....................................................       OK   
time_steppers/function_dt.function_dt_min    .................................................................       OK   
markers/two_circle_marker.group/two_circle_marker_gaussian_ic    .............................................       OK   
time_steppers/constant_dt_regrowth.test    ...................................................................       OK   
time_steppers/calc_const_dt.calc_dt_from_inputs/with_start_time    ...........................................       OK   
time_steppers/iteration_adaptive.test_pps_lim    .............................................................       OK   
time_steppers/calc_const_dt.calc_dt_from_inputs/no_start_time    .............................................       OK   
time_steppers/cutback_factor_at_failure.function_dt_cutback    ...............................................       OK   
time_steppers/cutback_factor_at_failure.constant_dt_cutback    ...............................................       OK   
materials/material.mat_block_boundary_check    ...............................................................       OK   
time_steppers/time_adaptive.test    ..........................................................................       OK   
materials/material.mat_cyclic_dep_error_test    ..............................................................       OK   
materials/material.check_test    .............................................................................       OK   
time_steppers/timesequence_stepper.timesequence_failed    ....................................................       OK   
materials/material.test_constant_on_elem    ..................................................................       OK   
materials/derivative_material_interface.ordering/execution    ................................................       OK   
materials/derivative_material_interface.mutliblock    ........................................................       OK   
kernels/ode.test_parsed_pp    ................................................................................       OK   
kernels/ad_mat_diffusion.ad_2D_steady_state_jacobian    ......................................................       OK   
markers/oriented_box_marker.obm    ...........................................................................       OK   
time_steppers/timesequence_stepper.time_sequence/timesequence_later_start_time    ............................       OK   
materials/derivative_material_interface.warn    ..............................................................       OK   
materials/derivative_material_interface.analytic_derivatives/property_names    ...............................       OK   
materials/material.depend/coupled_block    ...................................................................       OK   
time_steppers/timesequence_stepper.time_sequence/timesequence_earlier_start_time    ..........................       OK   
materials/material.dg_test    ................................................................................       OK   
materials/material.depend/coupled_3    .......................................................................       OK   
materials/material.depend/coupled_1    .......................................................................       OK   
materials/material.test    ...................................................................................       OK   
materials/derivative_material_interface.new_getproperty_semantics    .........................................       OK   
materials/derivative_material_interface.analytic_derivatives/parsed_material    ..............................       OK   
materials/material.bnd_material_test    ......................................................................       OK   
materials/material.exception/serial    .......................................................................       OK   
materials/derivative_material_interface.ordering/construction    .............................................       OK   
time_steppers/timesequence_stepper.restart/timesequence_restart1    ..........................................       OK   
materials/has_material.hasMaterialProperty    ................................................................       OK   
materials/stateful_prop.implicit_stateful    .................................................................       OK   
time_steppers/timesequence_stepper.time_sequence/timesequence_no_start_time    ...............................       OK   
materials/has_material.property_not_on_boundary    ...........................................................       OK   
materials/stateful_prop.storage/spatial_bnd_only    ..........................................................       OK   
materials/has_material.property_on_one_block    ..............................................................       OK   
time_steppers/timesequence_stepper.restart_failure/timesequence_restart_failure_1    .........................       OK   
materials/derivative_material_interface.analytic_derivatives/material_chaining    ............................       OK   
time_steppers/postprocessor_dt.test    .......................................................................       OK   
materials/stateful_prop.stateful_copy    .....................................................................       OK   
materials/has_material.property_on_boundary    ...............................................................       OK   
materials/has_material.property_on_all_blocks    .............................................................       OK   
materials/stateful_prop.many_stateful_props    ...............................................................       OK   
materials/output.invalid_outputs    ..........................................................................       OK   
materials/stateful_prop.stateful_old/exodiff_old    ..........................................................       OK   
materials/stateful_internal_side_uo.test    ..................................................................       OK   
materials/stateful_prop.computing_initial_residual_test    ...................................................       OK   
materials/output.group/block    ..............................................................................       OK   
materials/material.depend/coupled_2    .......................................................................       OK   
materials/output.group/steady    .............................................................................       OK   
materials/output.group/all    ................................................................................       OK   
materials/output.group/boundary    ...........................................................................       OK   
materials/discrete.coverage_check/block_incompatible    ......................................................       OK   
materials/discrete.newton_warning    .........................................................................       OK   
materials/discrete.reset_warning    ..........................................................................       OK   
materials/multiple_materials.test    .........................................................................       OK   
materials/old_cyclic_dep.test    .............................................................................       OK   
materials/stateful_prop.stateful_older/exodiff_older    ......................................................       OK   
materials/discrete.newton_no_calc    .........................................................................       OK   
materials/discrete.coverage_check/boundary_incompatible    ...................................................       OK   
materials/output.group/multiple_files    .....................................................................       OK   
materials/stateful_prop.storage/spatial_test    ..............................................................       OK   
materials/discrete.newton_iteration/eq2    ...................................................................       OK   
materials/piecewise_linear_interpolation_material.test    ....................................................       OK   
materials/types.test    ......................................................................................       OK   
materials/get_material_property_names.get_prop_names/block    ................................................       OK   
materials/output.group/limit_via_outputs    ..................................................................       OK   
materials/get_material_property_names.get_prop_names/any_block    ............................................       OK   
materials/get_material_property_names.get_prop_names/boundary    .............................................       OK   
materials/get_material_property_names.get_prop_names/any_boundary    .........................................       OK   
materials/output.group/block_displaced    ....................................................................       OK   
materials/var_coupling.var_coupling    .......................................................................       OK   
materials/declare_overlap.error    ...........................................................................       OK   
materials/ad_piecewise_linear_interpolation_material.test-jac    .............................................       OK   
materials/boundary_material.elem_aux_bc_on_bnd    ............................................................       OK   
materials/ad_material.default_material_value_jac    ..........................................................       OK   
materials/var_coupling.var_stateful_coupling    ..............................................................       OK   
materials/generic_constant_material.test    ..................................................................       OK   
materials/stateful_coupling.aux_init_qp_props    .............................................................       OK   
materials/output.group/all_via_outputs    ....................................................................       OK   
materials/stateful_coupling.test    ..........................................................................       OK   
userobjects/shape_element_user_object.shape_user_object/shape_side_uo_jac_test    ............................       OK   
userobjects/shape_element_user_object.shape_user_object/jacobian_test2    ....................................       OK   
materials/stateful_prop.adaptivity/spatially_const    ........................................................       OK   
userobjects/shape_element_user_object.shape_user_object/jacobian_test1    ....................................       OK   
materials/output.group/block_via_outputs    ..................................................................       OK   
materials/ad_piecewise_linear_interpolation_material.test    .................................................       OK   
userobjects/shape_element_user_object.shape_element_user_object    ...........................................       OK   
materials/ad_material.test_adad    ...........................................................................       OK   
userobjects/shape_element_user_object.shape_user_object/simple_shape_element_uo    ...........................       OK   
materials/stateful_prop.adaptivity/spatially_varying    ......................................................       OK   
userobjects/layered_side_integral.layered_side_average_error_check    ........................................       OK   
materials/ad_material.default_material_value    ..............................................................       OK   
userobjects/shape_element_user_object.shape_user_object/shape_side_uo_physics_test    ........................       OK   
userobjects/layered_integral.group/cumulative    .............................................................       OK   
materials/ad_material.stateful_jacobian    ...................................................................       OK   
userobjects/layered_integral.group/average_sample    .........................................................       OK   
materials/discrete.newton_iteration/eq1    ...................................................................       OK   
userobjects/layered_integral.group/test    ...................................................................       OK   
materials/material_dependency.dont_reinit_mat_for_aux    .....................................................       OK   
userobjects/side_user_object_no_boundary_error.test    .......................................................       OK   
userobjects/layered_side_integral.test    ....................................................................       OK   
userobjects/layered_side_integral.average    .................................................................       OK   
userobjects/element_quality_check.quality_checks/failure_warning    ..........................................       OK   
userobjects/layered_side_integral.flux_average    ............................................................       OK   
userobjects/element_quality_check.quality_checks/failure_error    ............................................       OK   
userobjects/element_quality_check.quality_checks/bypass_warning    ...........................................       OK   
userobjects/geometry_snap.geometrysphere    ..................................................................       OK   
userobjects/layered_average.bounds_and_num_layers    .........................................................       OK   
userobjects/layered_average.no_bounds_or_num_layers    .......................................................       OK   
userobjects/coupling_to_kernel.kernel_coupling    ............................................................       OK   
userobjects/toggle_mesh_adaptivity.toggle_mesh_adaptivity/toggle_mesh_adaptivity_wait    .....................       OK   
userobjects/mat_prop_user_object.test    .....................................................................       OK   
userobjects/layered_average.layered_average_block    .........................................................       OK   
userobjects/layered_average.block_restricted_bounding_block    ...............................................       OK   
userobjects/nearest_point_layered_average.test    ............................................................       OK   
userobjects/layered_average.bounds_and_interp    .............................................................       OK   
userobjects/toggle_mesh_adaptivity.toggle_mesh_adaptivity/toggle_mesh_adaptivity_gaussian_ic_stop_time    ....       OK   
userobjects/layered_average.bounds    ........................................................................       OK   
userobjects/layered_average.test    ..........................................................................       OK   
userobjects/layered_average.1d_displaced    ..................................................................       OK   
userobjects/setup_interface_count.setup_interface_count/NodalSideUserObject    ...............................       OK   
userobjects/layered_average.block_restricted_num_layers    ...................................................       OK   
userobjects/layered_average.block_restricted    ..............................................................       OK   
userobjects/setup_interface_count.setup_interface_count/InternalSideUserObject    ............................       OK   
userobjects/setup_interface_count.setup_interface_count/SideUserObject    ....................................       OK   
userobjects/toggle_mesh_adaptivity.toggle_mesh_adaptivity/toggle_mesh_adaptivity_gaussian_ic    ..............       OK   
userobjects/layered_base_restartable.test    .................................................................       OK   
userobjects/solution_user_object.discontinuous_value_solution_uo_p1    .......................................       OK   
restrictable/boundary_api_test.ids/boundaryIDs    ............................................................       OK   
restrictable/boundary_api_test.has/hasBoundary    ............................................................       OK   
restrictable/boundary_api_test.mat/hasBoundaryMaterialProperty_false    ......................................       OK   
userobjects/Terminator.test    ...............................................................................       OK   
restrictable/boundary_api_test.ids/boundary    ...............................................................       OK   
restrictable/boundary_api_test.has/isBoundarySubset    .......................................................       OK   
restrictable/boundary_api_test.mat/hasBoundaryMaterialProperty_true    .......................................       OK   
restrictable/undefined_ids.block    ..........................................................................       OK   
restrictable/block_api_test.has/blockIDs    ..................................................................       OK   
userobjects/toggle_mesh_adaptivity.toggle_mesh_adaptivity/toggle_mesh_adaptivity    ..........................       OK   
userobjects/interface_user_object.interface_UO_QP_test    ....................................................       OK   
restrictable/block_api_test.mat/hasBlockMaterialProperty_false    ............................................       OK   
restrictable/block_api_test.has/isBlockSubset    .............................................................       OK   
restrictable/block_api_test.has/hasBlocks_ANY_BLOCK_ID    ....................................................       OK   
restrictable/block_api_test.ids/hasBlocks    .................................................................       OK   
restrictable/block_api_test.block_undefined_var_block    .....................................................       OK   
userobjects/setup_interface_count.setup_interface_count/GeneralUserObject    ....................       [min_cpus=2]       OK   
userobjects/internal_side_user_object.internal_side/test    ..................................................       OK   
userobjects/internal_side_user_object.internal_side/get_neighbor_test    .....................................       OK   
materials/boundary_material.bnd_coupling_vol    ..............................................................       OK   
coord_type.rz-integrated-x-rotation    .......................................................................       OK   
coord_type.rz-y-rotation    ..................................................................................       OK   
coord_type.rz-x-rotation    ..................................................................................       OK   
parser/hit_dump.hit_registry    ..............................................................................       OK   
coord_type.rz-integrated-y-rotation    .......................................................................       OK   
parser/hit_dump.registry    ..................................................................................       OK   
restrictable/check_error.errors/fe_problem_null    ...........................................................       OK   
restrictable/block_api_test.block_solution_working    ........................................................       OK   
userobjects/nearest_point_layered_side_average.test    .......................................................       OK   
parser/vector_range_checking.vector_elem_checks/elementcompare_long    .......................................       OK   
userobjects/layered_average.interpolate    ...................................................................       OK   
parser/vector_range_checking.vector_len_checks/intvectorlength    ............................................       OK   
restrictable/internal_side_user_object.test    ...............................................................       OK   
parser/vector_range_checking.vector_elem_checks/elementcompare_real    .......................................       OK   
parser/vector_range_checking.vector_elem_checks/all_element_check    .........................................       OK   
userobjects/force_preaux.test_force_preaux    ................................................................       OK   
parser/active_inactive.active_section_missing    .............................................................       OK   
parser/vector_range_checking.vector_elem_checks/elementcompare_unsigned_int    ...............................       OK   
parser/vector_range_checking.outofbounds    ..................................................................       OK   
parser/vector_range_checking.vector_len_checks/realvectorlength    ...........................................       OK   
parser/vector_range_checking.checkempty    ...................................................................       OK   
parser/active_inactive.inactive_section_missing    ...........................................................       OK   
parser/active_inactive.top_level    ..........................................................................       OK   
userobjects/threaded_general_user_object.thread_copies_guo/th1    ............................................       OK   
parser/active_inactive.inactive_active_combo    ..............................................................       OK   
parser/active_inactive.inactive_active    ....................................................................       OK   
nodalkernels/scaling.scaling    ..............................................................................       OK   
nodalkernels/penalty_dirichlet.test    .......................................................................       OK   
nodalkernels/jac_test.group/block_jacobian_test    ...........................................................       OK   
nodalkernels/jac_test.group/bc_jacobian_test    ..............................................................       OK   
variables/optionally_coupled.catch_out_of_bound_default_access_coupledValue    ...............................       OK   
variables/optionally_coupled.catch_out_of_bound_default_access_coupled    ....................................       OK   
nodalkernels/jac_test.test    ................................................................................       OK   
variables/optionally_coupled.use_default    ..................................................................       OK   
variables/optionally_coupled.optionally_coupled_system    ....................................................       OK   
nodalkernels/high_order_time_integration.test    .............................................................       OK   
variables/optionally_coupled.use_real_input_param    .........................................................       OK   
nodalkernels/constant_rate.group/test    .....................................................................       OK   
variables/optionally_coupled.two_coupled_default_1    ........................................................       OK   
variables/mixed_order_variables.test    ......................................................................       OK   
variables/fe_monomial_const.constant_monomial/test_monomial_constant_1d    ...................................       OK   
variables/optionally_coupled.two_coupled_default_fail_mixed_input    .........................................       OK   
variables/array_variable.block_aux_kernel_test    ............................................................       OK   
variables/coupled_scalar.coupled_scalar/test    ..............................................................       OK   
variables/fe_monomial_const.constant_monomial/test_monomial_constant_2d    ...................................       OK   
variables/coupled_scalar.from_ic    ..........................................................................       OK   
variables/coupled_scalar.coupled_scalar/older    .............................................................       OK   
variables/coupled_scalar.coupled_scalar/old    ...............................................................       OK   
variables/second_derivative.interface_kernels    .............................................................       OK   
variables/fe_hermite.group/test_hermite_3_1d    ..............................................................       OK   
variables/fe_monomial_const.constant_monomial/test_monomial_constant_3d    ...................................       OK   
variables/fe_hier.group/test_hier_2_1d    ....................................................................       OK   
variables/get_elemental_value.get_elemental_val/older    .....................................................       OK   
variables/curvilinear_element.test    ........................................................................       OK   
variables/fe_hermite.group/test_hermite_3_2d    ..............................................................       OK   
variables/get_elemental_value.get_elemental_val/old    .......................................................       OK   
parser/param_substitution.param_substitution_cli    ..........................................................       OK   
variables/fe_hier.group/test_hier_1_2d    ....................................................................       OK   
variables/previous_newton_iteration.test    ..................................................................       OK   
variables/fe_hier.group/test_hier_3_1d    ....................................................................       OK   
ics/vector_function_ic.comp_y_error    .......................................................................       OK   
ics/vector_function_ic.comp_z_error    .......................................................................       OK   
ics/vector_function_ic.comp_x_error    .......................................................................       OK   
variables/fe_hier.group/test_hier_3_3d    ....................................................................       OK   
variables/multiblock_restricted_var.test    ..................................................................       OK   
variables/time_derivatives_neighbor.test    ..................................................................       OK   
variables/fe_hier.group/test_hier_2_2d    ....................................................................       OK   
variables/fe_hier.group/test_hier_3_2d    ....................................................................       OK   
variables/fe_hier.group/test_hier_2_3d    ....................................................................       OK   
ics/vector_constant_ic.vector_constant_ic    .................................................................       OK   
ics/bounding_box_ic.test    ..................................................................................       OK   
ics/bounding_box_ic.diffuse    ...............................................................................       OK   
variables/fe_hier.group/test_hier_1_3d    ....................................................................       OK   
variables/fe_hier.group/test_hier_1_1d    ....................................................................       OK   
ics/vector_function_ic.vector_function_ic_comp    ............................................................       OK   
ics/vector_function_ic.vector_function_ic    .................................................................       OK   
ics/component_ic.test    .....................................................................................       OK   
variables/fe_hermite.group/test_hermite_3_3d    ..............................................................       OK   
ics/check_error.ics_on_same_block_first_global    ............................................................       OK   
ics/check_error.ics_on_same_block_both_global    .............................................................       OK   
ics/check_error.ics_on_same_block    .........................................................................       OK   
variables/fe_hermite_convergence.hermite_convergance/periodic    .............................................       OK   
ics/check_error.ics_on_same_boundary    ......................................................................       OK   
ics/data_struct_ic.test    ...................................................................................       OK   
variables/fe_hermite_convergence.hermite_convergance/dirichlet    ............................................       OK   
ics/from_exodus_solution.nodal_var_1    ......................................................................       OK   
ics/function_ic.spline_function    ...........................................................................       OK   
ics/function_ic.parsed_function    ...........................................................................       OK   
variables/get_elemental_value.get_elemental_val/current    ...................................................       OK   
variables/high_order_monomial.test    ........................................................................       OK   
preconditioners/pbp.check_petsc_options_test    ..............................................................       OK   
ics/constant_ic.test    ......................................................................................       OK   
ics/function_scalar_ic.test    ...............................................................................       OK   
ics/random_ic_test.test    ...................................................................................       OK   
ics/boundary_ic.test    ......................................................................................       OK   
ics/dependency.test    .......................................................................................       OK   
ics/constant_ic.subdomain_test    ............................................................................       OK   
preconditioners/fsp.group/test    ............................................................................       OK   
preconditioners/pbp.pbp/test    ..............................................................................       OK   
ics/lagrange_ic.3d_second_order    ...........................................................................       OK   
preconditioners/auto_smp.fail    .............................................................................       OK   
preconditioners/pbp.pbp/pbp_adapt_test    ....................................................................       OK   
variables/block_aux_kernel.block_aux_kernel_test    ..........................................................       OK   
interfaces/jvarmap.parameter_map    ..........................................................................       OK   
preconditioners/smp.smp_group_test    ........................................................................       OK   
preconditioners/auto_smp.manual    ...........................................................................       OK   
preconditioners/smp.smp/smp_test    ..........................................................................       OK   
vectorpostprocessors/least_squares_fit.least_squares_csv3_order_err    .......................................       OK   
ics/depend_on_uo.ic_depend_on_uo    .............................................................       [min_cpus=2]       OK   
ics/hermite_ic.test    .......................................................................................       OK   
ics/array_function_ic.vector_constant_ic    ..................................................................       OK   
ics/from_exodus_solution.elem_var_1    .......................................................................       OK   
parser/cli_multiapp_all.cli_override_all    ..................................................................       OK   
vectorpostprocessors/least_squares_fit.least_squares_csv0    .................................................       OK   
interfaces/random.test_uo    .................................................................................       OK   
interfaces/random.material_serial    .........................................................................       OK   
vectorpostprocessors/least_squares_fit.least_squares_csv2    .................................................       OK   
preconditioners/pcside.test    ...............................................................................       OK   
vectorpostprocessors/intersection_points_along_line.intersecting_elems/3d    .................................       OK   
vectorpostprocessors/intersection_points_along_line.intersecting_elems/2d    .................................       OK   
vectorpostprocessors/csv_reader/transfer.csv_reader_in_transfer    ...........................................       OK   
vectorpostprocessors/line_material_sampler.test    ...........................................................       OK   
vectorpostprocessors/csv_reader.read    ......................................................................       OK   
vectorpostprocessors/line_value_sampler.scaling    ...........................................................       OK   
interfaces/random.test    ....................................................................................       OK   
vectorpostprocessors/material_vector_postprocessor.errors/boundary_restrict    ...............................       OK   
vectorpostprocessors/element_value_sampler.element_value_sampler/lagrange    .................................       OK   
vectorpostprocessors/material_vector_postprocessor.errors/block_restrict    ..................................       OK   
vectorpostprocessors/element_value_sampler.element_value_sampler/monomial    .................................       OK   
vectorpostprocessors/material_vector_postprocessor.basic    ..................................................       OK   
vectorpostprocessors/csv_reader.tester_fail    ..................................................       [min_cpus=2]       OK   
vectorpostprocessors/constant_vector_postprocessor.test    ...................................................       OK   
vectorpostprocessors/point_value_sampler.error    ............................................................       OK   
vectorpostprocessors/point_value_sampler.test    .............................................................       OK   
vectorpostprocessors/elements_along_plane.2d    ..............................................................       OK   
vectorpostprocessors/cylindrical_average.cyl_average    ......................................................       OK   
vectorpostprocessors/side_value_sampler.test    ..............................................................       OK   
vectorpostprocessors/vector_of_postprocessors.test    ........................................................       OK   
vectorpostprocessors/histogram_vector_postprocessor.test    ..................................................       OK   
vectorpostprocessors/parallel_consistency.test    ...............................................       [min_cpus=2]       OK   
interfacekernels/1d_interface.reaction_1D_transient_Jac    ...................................................       OK   
preconditioners/multi_cycle_hypre.test    ....................................................................       OK   
preconditioners/fdp.jacobian_fdp_coloring_full_test    .......................................................       OK   
vectorpostprocessors/least_squares_fit.least_squares_csv1    .................................................       OK   
vectorpostprocessors/spherical_average.test    ...............................................................       OK   
vectorpostprocessors/line_value_sampler.test    ..............................................................       OK   
interfacekernels/1d_interface.reaction_1D_steady_CSVDiff    ..................................................       OK   
interfacekernels/1d_interface.ik_save_in_other_side    .......................................................       OK   
interfacekernels/1d_interface.ik_save_in    ..................................................................       OK   
vectorpostprocessors/statistics_vector_postprocessor.test    .................................................       OK   
interfacekernels/1d_interface.reaction_1D_transient    .......................................................       OK   
mesh_modifiers/add_extra_nodeset.test_bad_coord    ...........................................................       OK   
interfacekernels/2d_interface.no_mallocs_during_scaling    ...................................................       OK   
interfacekernels/1d_interface.interface_diffusion    .........................................................       OK   
vectorpostprocessors/time_data.test    .......................................................................       OK   
mesh_modifiers/rename_block.except5    .......................................................................       OK   
mesh_modifiers/rename_block.except2    .......................................................................       OK   
interfacekernels/adaptivity.ik_adaptivity    .................................................................       OK   
interfacekernels/3d_interface.coupled_3d    ..................................................................       OK   
mesh_modifiers/rename_block.except6    .......................................................................       OK   
interfacekernels/2d_interface.test    ........................................................................       OK   
mesh_modifiers/rename_block.except3    .......................................................................       OK   
interfacekernels/3d_interface.vector_3d    ...................................................................       OK   
mesh_modifiers/sidesets_around_subdomain.around    ...........................................................       OK   
interfacekernels/2d_interface.test_dot    ....................................................................       OK   
mesh_modifiers/sidesets_around_subdomain.around_normals    ...................................................       OK   
mesh_modifiers/add_side_sets_from_bounding_box.error_no_elements_in_bounding_box    ..........................       OK   
mesh_modifiers/assign_element_subdomain_id.tri_test    .......................................................       OK   
mesh_modifiers/add_side_sets_from_bounding_box.error_no_side_sets_found    ...................................       OK   
mesh_modifiers/assign_element_subdomain_id.quad_test    ......................................................       OK   
mesh_modifiers/add_side_sets_from_bounding_box.test_overlapping_sidesets_error    ............................       OK   
mesh_modifiers/rename_block.rename1    .......................................................................       OK   
mesh_modifiers/add_side_sets_from_bounding_box.error_no_nodes_found    .......................................       OK   
interfacekernels/1d_interface.jacobian_test    ...............................................................       OK   
mesh_modifiers/add_side_sets_from_bounding_box.test_add_side_sets_from_bounding_box    .......................       OK   
vectorpostprocessors/least_squares_fit.least_squares    ......................................................       OK   
mesh_modifiers/assign_subdomain_id.test    ...................................................................       OK   
mesh_modifiers/add_all_side_sets.simple    ...................................................................       OK   
mesh_modifiers/modifier_depend_order.modifier_depend_order    ................................................       OK   
interfacekernels/1d_interface.single_variable_jacobian_test    ...............................................       OK   
mesh_modifiers/add_side_sets_from_bounding_box.test_overlapping    ...........................................       OK   
mesh_modifiers/parsed_subdomain.parsed_subdomain_mm    .......................................................       OK   
mesh_modifiers/add_all_side_sets.less_simple    ..............................................................       OK   
vectorpostprocessors/element_variables_difference_max.max_difference/absolute    .............................       OK   
mesh_modifiers/sidesets_around_subdomain.around_multi_created_subdomain    ...................................       OK   
mesh_modifiers/lower_d_block.lower_d    ......................................................................       OK   
mesh_modifiers/lower_d_block.second_order    .................................................................       OK   
mesh_modifiers/block_deleter.BlockDeleterTest1    ............................................................       OK   
mesh_modifiers/add_side_sets.cylinder_points_fixed    ........................................................       OK   
mesh_modifiers/add_side_sets_from_bounding_box.test_multiple_boundary_ids    .................................       OK   
mesh_modifiers/block_deleter.BlockDeleterTest3    ............................................................       OK   
mesh_modifiers/add_side_sets.cyliner_normal    ...............................................................       OK   
mesh_modifiers/add_side_sets.cylinder_points    ..............................................................       OK   
mesh_modifiers/block_deleter.BlockDeleterTest9    ............................................................       OK   
mesh_modifiers/subdomain_bounding_box.oriented_outside    ....................................................       OK   
mesh_modifiers/break_boundary.break_all    ...................................................................       OK   
mesh_modifiers/boundingbox_nodeset.test_bad_coord    .........................................................       OK   
mesh_modifiers/boundingbox_nodeset.test_bad_boundaryid    ....................................................       OK   
mesh_modifiers/block_deleter.BlockDeleterTest6    ............................................................       OK   
mesh_modifiers/smooth_mesh.test    ...........................................................................       OK   
mesh_modifiers/subdomain_bounding_box.oriented_inside    .....................................................       OK   
mesh_modifiers/modifier_depend_order.depend_with_force_prepare    ............................................       OK   
mesh_modifiers/block_deleter.BlockDeleterTest4    ............................................................       OK   
mesh_modifiers/add_side_sets_from_bounding_box.test_multiple_boundary_ids_3d    ..............................       OK   
mesh_modifiers/block_deleter.BlockDeleterTest7    ............................................................       OK   
mesh_modifiers/block_deleter.BlockDeleterTest8    ............................................................       OK   
mesh_modifiers/block_deleter.BlockDeleterTest11    ...........................................................       OK   
mesh_modifiers/block_deleter.BlockDeleterTest12    ...........................................................       OK   
mesh_modifiers/block_deleter.BlockDeleterTest2    ............................................................       OK   
mesh_modifiers/boundingbox_nodeset.test_inside_boundingbox    ................................................       OK   
mesh_modifiers/sidesets_between_subdomains.vector_test    ....................................................       OK   
mesh_modifiers/block_deleter.BlockDeleterTest5    ............................................................       OK   
mesh_modifiers/boundingbox_nodeset.test_outside_boundingbox    ...............................................       OK   
mesh_modifiers/block_deleter.BlockDeleterTest10    ...........................................................       OK   
mesh_modifiers/sidesets_between_subdomains.between_created_subdomain    ......................................       OK   
mesh_modifiers/subdomain_bounding_box.outside    .............................................................       OK   
mesh_modifiers/subdomain_bounding_box.inside    ..............................................................       OK   
mesh_modifiers/transform.test    .............................................................................       OK   
mesh_modifiers/break_mesh_by_blocks/3D.3D3BlocksBreakMeshManual_test    ......................................       OK   
mesh_modifiers/mesh_extruder.extrude_remap_layer2    .........................................................       OK   
mesh_modifiers/mesh_extruder.gen_extrude    ..................................................................       OK   
mesh_modifiers/break_mesh_by_blocks/3D.3D3BlocksBreakMeshAuto_test    ........................................       OK   
mesh_modifiers/break_mesh_by_blocks/3D.3D3BlocksBreakMeshtingCompare_test    .................................       OK   
mesh_modifiers/break_mesh_by_blocks/3D.3D3BlocksBreakMeshSplitInterfaceCompare_test    .......................       OK   
mesh_modifiers/mesh_side_set.test    .........................................................................       OK   
mesh_modifiers/mesh_extruder.quad_test    ....................................................................       OK   
mesh_modifiers/break_mesh_by_blocks/2D.2D4ElementJunctionBreakMeshManual_test    .............................       OK   
mesh_modifiers/sidesets_between_subdomains.test    ...........................................................       OK   
mesh_modifiers/break_mesh_by_blocks/2D.2D4ElementJunctionBreakMeshAuto_test    ...............................       OK   
mesh_modifiers/mesh_extruder.angle_test    ...................................................................       OK   
variables/coupled_scalar.test_default    .....................................................................       OK   
mesh_modifiers/break_mesh_by_blocks/2D.2D4ElementJunctionBreakMeshAutoSplitInterface_test    .................       OK   
ics/zero_ic.test    ..........................................................................................       OK   
mesh_modifiers/break_mesh_by_blocks/3D.3DPolyCrystalBreakMesh_test    ........................................       OK   
mesh_modifiers/break_mesh_by_blocks/2D.2D4ElementJunctionBreakMeshSplitInterfaceCompare_test    ..............       OK   
mesh_modifiers/parsed_sideset.parsed_sideset    ..............................................................       OK   
time_integrators/tvdrk2.jacobian/1d-linear_num-of-jacobian-calls    ..........................................       OK   
mesh_modifiers/mesh_extruder.extrude_remap_layer1    .........................................................       OK   
mesh_modifiers/break_mesh_by_blocks/2D.2DPolyCrystalBreakMesh_test    ........................................       OK   
time_integrators/rk-2.jacobian/1d-linear_num-of-jacobian-calls    ............................................       OK   
mesh_modifiers/break_mesh_by_blocks/2D.2D4ElementJunctionBreakMeshManualSplitInterface_test    ...............       OK   
mesh_modifiers/break_mesh_by_blocks/2D.2D4ElementJunctionBreakMeshtingCompare_test    ........................       OK   
time_integrators/tvdrk2.group/1d-linear    ...................................................................       OK   
preconditioners/pbp.lots_of_variables    .....................................................................       OK   
mesh_modifiers/break_mesh_by_blocks/3D.3D3BlocksBreakMeshManualSplitInterface_test    ........................       OK   
time_integrators/tvdrk2.jacobian/2d-quadratic_num-of-jacobian-calls    .......................................       OK   
time_integrators/explicit_ssp_runge_kutta.all/first_order    .................................................       OK   
time_integrators/explicit_ssp_runge_kutta.all/second_order    ................................................       OK   
time_integrators/explicit_ssp_runge_kutta.all/third_order    .................................................       OK   
mesh_modifiers/break_mesh_by_blocks/3D.3D3BlocksBreakMeshAutoSplitInterface_test    ..........................       OK   
time_integrators/rk-2.jacobian/2d-quadratic_num-of-jacobian-calls    .........................................       OK   
time_integrators/newmark-beta.newmark_beta_default    ........................................................       OK   
time_integrators/newmark-beta.newmark_beta_prescribed    .....................................................       OK   
time_integrators/rk-2.group/1d-linear    .....................................................................       OK   
time_integrators/abort.test    ...............................................................................       OK   
time_integrators/tvdrk2.group/2d-quadratic    ................................................................       OK   
time_integrators/rk-2.group/2d-quadratic    ..................................................................       OK   
time_integrators/convergence.explicit_heun/level1    .........................................................       OK   
time_integrators/dirk.group/dirk-2d-heat-adap    .............................................................       OK   
parser/cli_multiapp_group.cli_override_group    ..............................................................       OK   
time_integrators/convergence.implicit_lstabledirk4/level0    .................................................       OK   
time_integrators/convergence.explicit_ralston/level0    ......................................................       OK   
time_integrators/convergence.implicit_astabledirk4_bootstrap/level1    .......................................       OK   
time_integrators/convergence.explicit_ralston/level1    ......................................................       OK   
time_integrators/convergence.explicit_midpoint/level0    .....................................................       OK   
time_integrators/dirk.group/dirk-2d-heat    ..................................................................       OK   
time_integrators/convergence.implicit_lstabledirk4/level1    .................................................       OK   
time_integrators/convergence.implicit_astabledirk4_bootstrap/level2    .......................................       OK   
time_integrators/convergence.explicit_ralston/level2    ......................................................       OK   
time_integrators/convergence.explicit_midpoint/level1    .....................................................       OK   
time_integrators/actually_explicit_euler_verification.ode    .................................................       OK   
time_integrators/convergence.explicit_euler/level1    ........................................................       OK   
time_integrators/convergence.implicit_astabledirk4_bootstrap/level0    .......................................       OK   
time_integrators/multi_stage_time_integrator.unconverged_1st_stage    ........................................       OK   
time_integrators/implicit-euler.monomials    .................................................................       OK   
time_integrators/convergence.explicit_euler/level2    ........................................................       OK   
time_integrators/actually_explicit_euler_verification.group/2d-linear    .....................................       OK   
time_integrators/actually_explicit_euler_verification.group/1d-quadratic    ..................................       OK   
time_integrators/convergence.explicit_midpoint/level2    .....................................................       OK   
time_integrators/convergence.explicit_heun/level0    .........................................................       OK   
time_integrators/actually_explicit_euler.errors/diverged    ..................................................       OK   
time_integrators/actually_explicit_euler.errors/diverged_lump_prec    ........................................       OK   
time_integrators/actually_explicit_euler_verification.group/1d-quadratic-neumann    ..........................       OK   
time_integrators/actually_explicit_euler_verification.group/1d-linear    .....................................       OK   
time_integrators/actually_explicit_euler.errors/diverged_lumped    ...........................................       OK   
time_integrators/convergence.implicit_lstabledirk4/level2    .................................................       OK   
time_integrators/actually_explicit_euler_verification.group/2d-quadratic    ..................................       OK   
time_integrators/convergence.explicit_heun/level2    .........................................................       OK   
mesh_modifiers/mesh_extruder.tri_test    .....................................................................       OK   
time_integrators/implicit-euler.group/adapt    ...............................................................       OK   
time_integrators/convergence.implicit_midpoint/level0    .....................................................       OK   
time_integrators/actually_explicit_euler.group/lumped    .....................................................       OK   
time_integrators/actually_explicit_euler.group/test    .......................................................       OK   
time_integrators/convergence.implicit_astabledirk4/level0    .................................................       OK   
time_integrators/explicit-euler.group/1d-quadratic-neumann    ................................................       OK   
time_integrators/explicit-euler.group/1d-linear    ...........................................................       OK   
time_integrators/explicit-euler.group/2d-linear    ...........................................................       OK   
time_integrators/convergence.explicit_euler/level0    ........................................................       OK   
time_integrators/explicit-euler.group/2d-quadratic    ........................................................       OK   
time_integrators/explicit-euler.group/1d-quadratic    ........................................................       OK   
time_integrators/implicit-euler.group/test    ................................................................       OK   
time_integrators/scalar.group/stiff_linear    ................................................................       OK   
time_integrators/scalar.group/stiff_nonlinear    .............................................................       OK   
time_integrators/bdf2.group/adapt    .........................................................................       OK   
time_integrators/aee.test    .................................................................................       OK   
time_integrators/convergence.implicit_midpoint/level1    .....................................................       OK   
bcs/ad_bcs.jac    ............................................................................................       OK   
time_integrators/crank-nicolson.group/adapt    ...............................................................       OK   
bcs/ad_bcs.2nd_order_vector_jac    ...........................................................................       OK   
bcs/coupled_var_neumann.test    ..............................................................................       OK   
bcs/ad_bcs.test    ...........................................................................................       OK   
bcs/ad_bcs.2nd_order_jac    ..................................................................................       OK   
bcs/ad_bcs.vector_jac    .....................................................................................       OK   
time_integrators/actually_explicit_euler_verification.group/2d-linear-adapt    ...............................       OK   
bcs/ad_bcs.vector_test    ....................................................................................       OK   
time_integrators/convergence.implicit_lstabledirk3/level1    .................................................       OK   
time_integrators/actually_explicit_euler.group/lump_preconditioned    ........................................       OK   
time_integrators/convergence.implicit_astabledirk4/level1    .................................................       OK   
bcs/matched_value_bc.test    .................................................................................       OK   
bcs/second_deriv.test_lap_bc    ..............................................................................       OK   
time_integrators/crank-nicolson.group/test    ................................................................       OK   
bcs/misc_bcs.vector_neumann_test    ..........................................................................       OK   
bcs/vectorpostprocessor.test    ..............................................................................       OK   
bcs/misc_bcs.vacuumbc_test    ................................................................................       OK   
bcs/misc_bcs.weak_gradient_bc_test    ........................................................................       OK   
bcs/misc_bcs.convective_flux_bc_test    ......................................................................       OK   
bcs/sin_bc.sindirichlet_test    ..............................................................................       OK   
time_integrators/explicit-euler.group/2d-linear-adapt    .....................................................       OK   
bcs/1d_neumann.test    .......................................................................................       OK   
bcs/1d_neumann.from_cubit    .................................................................................       OK   
bcs/sin_bc.sinneumann_test    ................................................................................       OK   
bcs/nodal_normals.circle_tris    .............................................................................       OK   
time_integrators/convergence.implicit_lstabledirk3/level0    .................................................       OK   
bcs/nodal_normals.circle_quads    ............................................................................       OK   
bcs/ad_bc_preset_nodal.bc_preset_nodal_test-jac    ...........................................................       OK   
bcs/ad_bc_preset_nodal.bc_function_nodal_test-jac    .........................................................       OK   
bcs/conditional_bc.test    ...................................................................................       OK   
bcs/sideset_from_nodeset.test_hex    .........................................................................       OK   
time_integrators/convergence.implicit_midpoint/level2    .....................................................       OK   
bcs/ad_bc_preset_nodal.bc_preset_nodal_test    ...............................................................       OK   
bcs/bc_preset_nodal.bc_preset_nodal_test    ..................................................................       OK   
bcs/ad_bc_preset_nodal.bc_function_nodal_test    .............................................................       OK   
bcs/penalty_dirichlet_bc.test_penalty_dirichlet_bc    ........................................................       OK   
bcs/penalty_dirichlet_bc.test_function_penalty_dirichlet_bc    ...............................................       OK   
bcs/pp_neumann.test    .......................................................................................       OK   
bcs/bc_preset_nodal.bc_function_nodal_test    ................................................................       OK   
bcs/coupled_dirichlet_bc.test    .............................................................................       OK   
bcs/function_dirichlet_bc.ad-test    .........................................................................       OK   
bcs/function_dirichlet_bc.test    ............................................................................       OK   
bcs/sideset_from_nodeset.test_tet    .........................................................................       OK   
bcs/periodic.trapezoid_non_periodic    .......................................................................       OK   
bcs/periodic.testwedgesys    .................................................................................       OK   
bcs/array_vacuum.test    .....................................................................................       OK   
bcs/periodic.orthogonal_pbc_on_square_test    ................................................................       OK   
time_integrators/convergence.implicit_astabledirk4/level2    .................................................       OK   
bcs/periodic.testwedge    ....................................................................................       OK   
bcs/function_neumann_bc.neumann_bc    ........................................................................       OK   
time_integrators/convergence.implicit_lstabledirk3/level2    .................................................       OK   
postprocessors/find_value_on_line.above_max    ...............................................................       OK   
bcs/periodic.auto_dir_repeated_id    .........................................................................       OK   
bcs/periodic.no_add_scalar    ................................................................................       OK   
postprocessors/find_value_on_line.line_out_of_bounds    ......................................................       OK   
postprocessors/find_value_on_line.depth_exceeded    ..........................................................       OK   
postprocessors/find_value_on_line.below_min    ...............................................................       OK   
postprocessors/find_value_on_line.find_value_on_line    ......................................................       OK   
bcs/periodic.all_periodic_trans_test    ......................................................................       OK   
bcs/periodic.parallel_pbc_using_trans_test    ................................................................       OK   
postprocessors/function_value_pps.test    ....................................................................       OK   
postprocessors/scale_pps.test    .............................................................................       OK   
postprocessors/default_value.default_error    ................................................................       OK   
bcs/nodal_normals.cylinder_hexes_1st_2nd    ..................................................................       OK   
postprocessors/old_vpp_value.old_no_history    ...............................................................       OK   
postprocessors/execute_on_final.execute_on_final    ..........................................................       OK   
postprocessors/memory_usage.vector_memory_usage    ...........................................................       OK   
postprocessors/memory_usage.print_memory_usage    ............................................................       OK   
postprocessors/default_value.default_value/real_override    ..................................................       OK   
postprocessors/default_value.default_value/test    ...........................................................       OK   
postprocessors/nodal_var_value.nodal_var_value_output/screen_output_test    ..................................       OK   
bcs/nodal_normals.small_sqaure    ............................................................................       OK   
postprocessors/change_over_time.change_over_time_error/change_with_respect_to_initial_error_dependent    .....       OK   
postprocessors/change_over_time.change_over_time_error/change_with_respect_to_initial_error_this    ..........       OK   
postprocessors/nodal_var_value.nodal_var_value/test_nodal_aux_var_value    ...................................       OK   
postprocessors/change_over_time.change_over_time/change_with_respect_to_previous    ..........................       OK   
postprocessors/change_over_time.change_over_time/change_with_respect_to_initial    ...........................       OK   
postprocessors/relative_difference.relative_difference/close_to_zero    ......................................       OK   
postprocessors/real_parameter_reporter.error_report/no_param_error    ........................................       OK   
postprocessors/real_parameter_reporter.error_report/bad_name_error    ........................................       OK   
postprocessors/nodal_var_value.nodal_var_value_output/pps_output_test    .....................................       OK   
postprocessors/time_extreme_value.time_extreme_pps    ........................................................       OK   
postprocessors/volume.test    ................................................................................       OK   
postprocessors/real_parameter_reporter.test    ...............................................................       OK   
postprocessors/displaced_mesh.displaced_tests/elemental    ...................................................       OK   
postprocessors/print_perf_data.check_more_values    ..........................................................       OK   
time_integrators/scalar.group/scalar    ......................................................................       OK   
postprocessors/print_perf_data.csv_log    ....................................................................       OK   
postprocessors/displaced_mesh.displaced_tests/side    ........................................................       OK   
postprocessors/print_perf_data.use_log_data_no_print    ......................................................       OK   
postprocessors/random_pps.random_pps/full_sim    .............................................................       OK   
postprocessors/area_pp.test    ...............................................................................       OK   
postprocessors/num_elems.test    .............................................................................       OK   
postprocessors/interface_value.interface_average_variable_value_postprocessor_test    ........................       OK   
bcs/nodal_normals.cylinder_hexes_2nd    ......................................................................       OK   
bcs/periodic.auto_wrap_2d_test_non_generated    ..............................................................       OK   
postprocessors/element_average_value.elem_average_value/single_block    ......................................       OK   
postprocessors/num_iterations.methods/explicit_euler    ......................................................       OK   
postprocessors/interface_value.interface_integral_variable_value_postprocessor_test    .......................       OK   
postprocessors/num_iterations.methods/actually_explicit_euler_consistent    ..................................       OK   
postprocessors/num_iterations.methods/explicit_tvd_rk2    ....................................................       OK   
postprocessors/num_iterations.methods/heun    ................................................................       OK   
postprocessors/num_iterations.methods/explicit_midpoint    ...................................................       OK   
postprocessors/element_average_value.elem_average_value/test_elem_multi_block    .............................       OK   
postprocessors/num_iterations.methods/ralston    .............................................................       OK   
postprocessors/num_iterations.methods/crank_nicolson    ......................................................       OK   
postprocessors/relative_difference.relative_difference/non_zero    ...........................................       OK   
postprocessors/element_variable_value.elem_var_value_test    .................................................       OK   
postprocessors/nodal_var_value.nodal_var_value/test_nodal_var_value    .......................................       OK   
postprocessors/num_iterations.methods/a_stable_dirk4    ......................................................       OK   
postprocessors/num_iterations.methods/implicit_midpoint    ...................................................       OK   
bcs/periodic.testperiodic    .................................................................................       OK   
postprocessors/num_iterations.methods/l_stable_dirk2    ......................................................       OK   
postprocessors/perf_graph_data.test    .......................................................................       OK   
time_integrators/bdf2.group/test    ..........................................................................       OK   
postprocessors/num_iterations.methods/l_stable_dirk4    ......................................................       OK   
postprocessors/num_iterations.methods/implicit_euler    ......................................................       OK   
postprocessors/cumulative_value_postprocessor.cumulative_value_postprocessor    ..............................       OK   
postprocessors/mms_sine.mms_tests/2D_pps    ..................................................................       OK   
postprocessors/num_iterations.methods/actually_explicit_euler_lump_preconditioned    .........................       OK   
postprocessors/mms_sine.mms_tests/3D_pps    ..................................................................       OK   
bcs/periodic.auto_wrap_2d_test    ............................................................................       OK   
postprocessors/difference_pps.depend_check    ................................................................       OK   
postprocessors/side_pps.test_side_multi_bnd    ...............................................................       OK   
postprocessors/scalar_coupled_postprocessor.test    ..........................................................       OK   
postprocessors/mms_sine.mms_tests/3D_mesh    .................................................................       OK   
bcs/nodal_normals.cylinder_hexes    ..........................................................................       OK   
postprocessors/side_average_value.test    ....................................................................       OK   
postprocessors/pps_interval.test_interval_mismatch    ........................................................       OK   
postprocessors/pps_interval.interval_output/test_interval    .................................................       OK   
postprocessors/nodal_max_value.nodal_max/test    .............................................................       OK   
postprocessors/function_element_integral.test    .............................................................       OK   
postprocessors/num_iterations.methods/actually_explicit_euler_lumped    ......................................       OK   
postprocessors/element_l2_norm.test    .......................................................................       OK   
postprocessors/point_value.error    ..........................................................................       OK   
postprocessors/internal_side_jump.test    ....................................................................       OK   
postprocessors/num_iterations.methods/bdf2    ................................................................       OK   
bcs/periodic.testlevel1    ...................................................................................       OK   
postprocessors/element_integral_var_pps.element_integral/test_inital    ......................................       OK   
postprocessors/num_vars.test    ..............................................................................       OK   
postprocessors/element_vec_l2_error_pps.test    ..............................................................       OK   
postprocessors/scalar_variable.scalar_pps    .................................................................       OK   
postprocessors/element_extreme_value.elemental_extreme    ....................................................       OK   
postprocessors/element_time_derivative.el_time_deriv_1d_test    ..............................................       OK   
postprocessors/function_sideintegral.function_sideintegral    ................................................       OK   
postprocessors/element_time_derivative.element_time_derivative_test    .......................................       OK   
postprocessors/postprocessor_comparison.group/less_than    ...................................................       OK   
postprocessors/side_integral.test    .........................................................................       OK   
postprocessors/mms_sine.mms_tests/2D_mesh    .................................................................       OK   
postprocessors/difference_pps.test    ........................................................................       OK   
postprocessors/variable_residual_norm.variable_residual_test    ..............................................       OK   
postprocessors/side_flux_average.test    .....................................................................       OK   
postprocessors/num_nodes.test    .............................................................................       OK   
postprocessors/postprocessor_comparison.group/greater_than    ................................................       OK   
bcs/periodic.auto_wrap_3d_test    ............................................................................       OK   
postprocessors/nodal_max_value.nodal_max/test_nodal_max    ...................................................       OK   
postprocessors/table_tolerance.test    .......................................................................       OK   
postprocessors/vector_postprocessor_comparison.group/greater_than    .........................................       OK   
postprocessors/vector_postprocessor_comparison.group/equals    ...............................................       OK   
postprocessors/vector_postprocessor_comparison.group/greater_than_equals    ..................................       OK   
postprocessors/execution_attribute_reporter.use_error    .....................................................       OK   
postprocessors/nodal_sum.nodal_sum/nodal_sum_block_non_unique    .............................................       OK   
postprocessors/vector_postprocessor_comparison.group/less_than_equals    .....................................       OK   
postprocessors/point_value.test    ...........................................................................       OK   
postprocessors/nodal_sum.nodal_sum/nodal_sum_block    ........................................................       OK   
postprocessors/nodal_extreme_value.nodal_extreme    ..........................................................       OK   
postprocessors/element_integral.element_integral/test    .....................................................       OK   
bcs/function_dirichlet_bc.ad-function_dirichlet_bc_test-jac    ...............................................       OK   
postprocessors/execution_attribute_reporter.reporting    .....................................................       OK   
postprocessors/coupled_solution_dofs.test    .................................................................       OK   
postprocessors/element_l2_difference.test    .................................................................       OK   
postprocessors/axisymmetric_centerline_average_value.test    .................................................       OK   
bcs/periodic.testtrapezoid    ................................................................................       OK   
postprocessors/avg_nodal_var_value.avg_nodal_value/test_avg_nodal_var_value    ...............................       OK   
postprocessors/avg_nodal_var_value.avg_nodal_value/test_avg_nodal_var_value_ts_begin    ......................       OK   
postprocessors/receiver_default.defaults/initial_only    .....................................................       OK   
postprocessors/element_l2_error_pps.test    ..................................................................       OK   
postprocessors/element_integral_var_pps.element_integral/pps_old_test    .....................................       OK   
meshgenerators/sidesets_bounding_box_generator.errors/no_nodes_found    ......................................       OK   
postprocessors/old_older_values.old_older/test_older    ......................................................       OK   
postprocessors/postprocessor_dependency.element_side_test    .................................................       OK   
postprocessors/receiver_default.defaults/no_old_initialize    ................................................       OK   
postprocessors/old_older_values.old_older/test_old    ........................................................       OK   
meshgenerators/plane_deletion.test    ........................................................................       OK   
globalparams/global_param.global_param_test    ...............................................................       OK   
postprocessors/num_adaptivity_cycles.num_adaptivity_cycles_toggle_adaptivity_wait    .........................       OK   
meshgenerators/sidesets_bounding_box_generator.errors/no_side_sets_found    ..................................       OK   
postprocessors/num_adaptivity_cycles.num_adaptivity_cycles_toggle_adaptivity    ..............................       OK   
meshgenerators/bounding_box_nodeset_generator.errors/test_bad_boundaryid    ..................................       OK   
meshgenerators/sidesets_bounding_box_generator.errors/no_elements_in_bounding_box    .........................       OK   
meshgenerators/bounding_box_nodeset_generator.errors/bad_coord    ............................................       OK   
meshgenerators/sidesets_bounding_box_generator.generate/generate_sidesets_bounding_box_test    ...............       OK   
meshgenerators/sidesets_bounding_box_generator.generate/test_multiple_boundary_ids    ........................       OK   
postprocessors/num_adaptivity_cycles.num_adaptivity_cycles    ................................................       OK   
meshgenerators/bounding_box_nodeset_generator.gen_nodesets/inside    .........................................       OK   
postprocessors/element_h1_error_pps.test    ..................................................................       OK   
postprocessors/element_integral_material_property.test    ....................................................       OK   
meshgenerators/sidesets_bounding_box_generator.generate/test_overlapping_sidesets    .........................       OK   
meshgenerators/bounding_box_nodeset_generator.gen_nodesets/outside    ........................................       OK   
postprocessors/element_integral.element_integral/block_test    ...............................................       OK   
meshgenerators/fancy_extruder_generator.test    ..............................................................       OK   
meshgenerators/annular_mesh_generator.annular_mesh_generator    ..............................................       OK   
meshgenerators/sidesets_bounding_box_generator.generate/test_multiple_boundary_ids_3d    .....................       OK   
postprocessors/num_iterations.methods/l_stable_dirk3    ......................................................       OK   
postprocessors/nodal_sum.nodal_sum/all    ....................................................................       OK   
meshgenerators/block_deletion_generator.block_deletion_test    ...............................................       OK   
meshgenerators/annular_mesh_generator.annular_mesh_generator_deprecated    ...................................       OK   
meshgenerators/lower_d_block_generator.lower_d_block_generator_test    .......................................       OK   
postprocessors/num_dofs.test    ..............................................................................       OK   
postprocessors/linear_combination.linear_combination    ......................................................       OK   
postprocessors/relative_solution_difference_norm.test    .....................................................       OK   
postprocessors/variable_inner_product.variable_inner_product_test    .........................................       OK   
meshgenerators/sideset_around_subdomain_generator.group/one_side    ..........................................       OK   
meshgenerators/mesh_side_set_generator.mesh_side_set_generator_test    .......................................       OK   
postprocessors/mms_polynomial.test    ........................................................................       OK   
meshgenerators/concentric_circle_mesh_generator.concentric_circle_mesh_generator_test    .....................       OK   
meshgenerators/sidesets_from_points_generator.sidesets_from_points_generator_test    .........................       OK   
meshgenerators/subdomain_id_generator.generate_subdomain_id_test    ..........................................       OK   
meshgenerators/sideset_around_subdomain_generator.group/multi_subs    ........................................       OK   
meshgenerators/smooth_mesh_generator.smooth_mesh_generator_test    ...........................................       OK   
meshgenerators/file_mesh_generator.test    ...................................................................       OK   
postprocessors/mms_slope.test    .............................................................................       OK   
meshgenerators/extra_nodeset_generator.generate_extra_nodeset_test    ........................................       OK   
meshgenerators/patterned_mesh_generator.patterned_mesh_generator_test    .....................................       OK   
meshgenerators/break_mesh_by_block_generator.break_mesh_by_blocks_generator_3d_split_test    .................       OK   
meshgenerators/rename_block_generator.rename_blocks/rename_block_generator_test2    ..........................       OK   
meshgenerators/break_mesh_by_block_generator.break_mesh_by_blocks_generator_3d_auto_test    ..................       OK   
meshgenerators/break_mesh_by_block_generator.break_mesh_by_blocks_generator_2d_polycrystal_test    ...........       OK   
meshgenerators/mesh_extruder_generator.extruder/preserve_sideset_names    ....................................       OK   
meshgenerators/mesh_extruder_generator.extruder/new_subdomains    ............................................       OK   
meshgenerators/sideset_around_subdomain_generator.group/inside    ............................................       OK   
meshgenerators/mesh_extruder_generator.extruder/generator    .................................................       OK   
meshgenerators/parsed_subdomain_mesh_generator.parsed_subdomain_mg_test    ...................................       OK   
meshgenerators/displaced_mesh.test    ........................................................................       OK   
meshgenerators/spiral_annular_mesh_generator.spiral_annular_mesh_generator_test    ...........................       OK   
meshgenerators/element_generator.generate/single_element    ..................................................       OK   
meshgenerators/transform_generator.transform_generator_test    ...............................................       OK   
meshgenerators/stitched_mesh_generator.stitched_mesh_generator2_test    ......................................       OK   
meshgenerators/mesh_extruder_generator.extruder/basic    .....................................................       OK   
meshgenerators/mesh_extruder_generator.extruder/angled    ....................................................       OK   
meshgenerators/sidesets_between_subdomains_generator.group/nonadjacent_subs    ...............................       OK   
meshgenerators/stitched_mesh_generator.stitched_mesh_generator_test    .......................................       OK   
meshgenerators/mesh_extruder_generator.extruder/new_subdomain_pattern    .....................................       OK   
meshgenerators/sideset_around_subdomain_generator.group/two_inside    ........................................       OK   
meshgenerators/element_generator.generate/multi_elem_multi_gen    ............................................       OK   
meshgenerators/sidesets_between_subdomains_generator.group/two_subs    .......................................       OK   
meshgenerators/ringleb_mesh_generator.ringleb_mesh_generator_test    .........................................       OK   
meshgenerators/rename_block_generator.rename_blocks/rename_block_generator_test    ...........................       OK   
meshgenerators/break_mesh_by_block_generator.break_mesh_by_blocks_generator_2d_auto_test    ..................       OK   
meshgenerators/gmsh_bcs.gmsh_bc_test    ......................................................................       OK   
meshgenerators/patch_mesh_generator.group/quad8    ...........................................................       OK   
meshgenerators/stack_generator.error_dims    .................................................................       OK   
meshgenerators/break_mesh_by_block_generator.break_mesh_by_blocks_generator_3d_polycrystal_test    ...........       OK   
meshgenerators/patch_mesh_generator.group/hex20    ...........................................................       OK   
meshgenerators/break_mesh_by_block_generator.break_mesh_by_blocks_generator_2d_splittrue_test    .............       OK   
meshgenerators/patch_mesh_generator.group/hex8    ............................................................       OK   
meshgenerators/mesh_collection_generator.mesh_collection_generator_test    ...................................       OK   
meshgenerators/break_boundary_on_subdomain.boundary_type/internal    .........................................       OK   
meshgenerators/patch_mesh_generator.group/quad4    ...........................................................       OK   
meshgenerators/break_boundary_on_subdomain.boundary_type/external    .........................................       OK   
meshgenerators/combiner_generator.errors/missing_pos    ......................................................       OK   
meshgenerators/combiner_generator.errors/mismatch_pos    .....................................................       OK   
meshgenerators/stack_generator.stack_generator_test    .......................................................       OK   
meshgenerators/stack_generator.stack_generator_2d_test    ....................................................       OK   
meshgenerators/gmsh.gmsh_test    .............................................................................       OK   
meshgenerators/generated_mesh_generator.generated_mesh_generator_test    .....................................       OK   
meshgenerators/rename_boundary_generator.rename_block_generator_test    ......................................       OK   
meshgenerators/image_mesh_generator.image_mesh_generator_test    .............................................       OK   
meshgenerators/tiled_mesh_generator.tiled_mesh_generator_test    .............................................       OK   
meshgenerators/parsed_generate_sideset.parsed_generate_sideset_test    .......................................       OK   
meshgenerators/final_generator.ambigious/independent_graphs    ...............................................       OK   
meshgenerators/combiner_generator.translations/none    .......................................................       OK   
meshgenerators/combiner_generator.translations/single    .....................................................       OK   
meshgenerators/final_generator.ambigious/single_graph    .....................................................       OK   
meshgenerators/combiner_generator.translations/multi    ......................................................       OK   
meshgenerators/sidesets_between_subdomains_generator.group/adjacent_subs    ..................................       OK   
meshgenerators/final_generator.final_select/first    .........................................................       OK   
meshgenerators/final_generator.final_early_stop    ...........................................................       OK   
meshgenerators/cartesian_mesh_generator.cartesian_mesh_2D    .................................................       OK   
meshgenerators/cartesian_mesh_generator.cartesian_mesh_3D    .................................................       OK   
meshgenerators/add_all_side_sets_generators.simple    ........................................................       OK   
meshgenerators/subdomain_bounding_box_generator.oriented_subdomain_bounding_box_generator_test    ............       OK   
meshgenerators/add_all_side_sets_generators.less_simple    ...................................................       OK   
meshgenerators/subdomain_bounding_box_generator.subdomain_bounding_box_generator_outside_test    .............       OK   
meshgenerators/subdomain_bounding_box_generator.subdomain_bounding_box_generator_test    .....................       OK   
indicators/gradient_jump_indicator.test    ...................................................................       OK   
meshgenerators/sidesets_from_normals_generator.generate/normals_fixed    .....................................       OK   
meshgenerators/sidesets_from_normals_generator.generate/normals_follow    ....................................       OK   
restart/pointer_restart_errors.pointer_store_error    ........................................................       OK   
restart/pointer_restart_errors.pointer_load_error    .........................................................       OK   
restart/kernel_restartable.custom/custom_name    .............................................................       OK   
restart/restart_subapp_not_master.complete_solve_no_subapp    ................................................       OK   
restart/kernel_restartable.kernel/test    ....................................................................       OK   
restart/restartable_types.serial/first    ....................................................................       OK   
restart/restart_subapp_not_master.two_step_solve_master    ...................................................       OK   
restart/restart_transient_from_steady.steady    ..............................................................       OK   
dgkernels/adaptivity.error_stateful_dg_adaptivity    .........................................................       OK   
indicators/value_jump_indicator.test    ......................................................................       OK   
indicators/laplacian_jump_indicator.group/test_biharmonic    .................................................       OK   
restart/start_time_override.steady    ........................................................................       OK   
indicators/laplacian_jump_indicator.group/test_biharmonic_weak_bc    .........................................       OK   
restart/duplicate_node.test    ...............................................................................       OK   
dgkernels/advection_diffusion_mixed_bcs_test_resid_jac.jac    ................................................       OK   
restart/restart_diffusion.uniform_refine_test_1    ...........................................................       OK   
restart/restart_diffusion.steady_1    ........................................................................       OK   
dgkernels/2d_diffusion_dg.stateful_props    ..................................................................       OK   
restart/new_dt.test_part1    .................................................................................       OK   
meshgenerators/cartesian_mesh_generator.cartesian_mesh_1D    .................................................       OK   
dgkernels/advection_diffusion_mixed_bcs_test_resid_jac.resid    ..............................................       OK   
restart/restart_add_variable.transient_with_stateful    ......................................................       OK   
dgkernels/1d_advection_dg.test    ............................................................................       OK   
dgkernels/dg_block_restrict.2D_test    .......................................................................       OK   
dampers/max_increment.testverifydamping    ...................................................................       OK   
dgkernels/dg_block_restrict.1D_test    .......................................................................       OK   
dgkernels/ad_dg_convection.exo    ............................................................................       OK   
indicators/analytical_indicator.test    ......................................................................       OK   
dampers/max_increment.testverifydamping_percentage    ........................................................       OK   
dgkernels/2d_diffusion_dg.no_mallocs_during_scaling    .......................................................       OK   
restart/restart_diffusion.restart_use_end_part1    ...........................................................       OK   
dampers/min_damping.min_general_damping    ...................................................................       OK   
dgkernels/2d_diffusion_dg.no_additional_rms    ...............................................................       OK   
dampers/bounding_value_nodal_damper.bounding_value_min    ....................................................       OK   
dgkernels/2d_diffusion_dg.proper_ghosting_with_action_serial    ..............................................       OK   
dampers/bounding_value_element_damper.bounding_value_max    ..................................................       OK   
dampers/bounding_value_nodal_damper.bounding_value_max    ....................................................       OK   
dampers/interactions.interacting_node_elem2    ...............................................................       OK   
dampers/interactions.interacting_node_elem1    ...............................................................       OK   
restart/restart_steady_from_transient.transient_solve    .....................................................       OK   
dampers/bounding_value_element_damper.bounding_value_min    ..................................................       OK   
dgkernels/2d_diffusion_dg.test    ............................................................................       OK   
functions/linear_combination_function.except1    .............................................................       OK   
dgkernels/ad_dg_diffusion.test    ............................................................................       OK   
dgkernels/3d_diffusion_dg.test    ............................................................................       OK   
functions/pps_function.test_pp_function_test    ..............................................................       OK   
functions/function_ic.test    ................................................................................       OK   
functions/function_setup.test    .............................................................................       OK   
dgkernels/adaptivity.dg_adaptivity    ........................................................................       OK   
functions/default_function.test    ...........................................................................       OK   
functions/linear_combination_function.lcf1    ................................................................       OK   
functions/generic_function_material.test    ..................................................................       OK   
functions/solution_function.nonexistent_var_err    ...........................................................       OK   
functions/linear_combination_function.lcf_grad    ............................................................       OK   
indicators/laplacian_jump_indicator.group/test_biharmonic_transient    .......................................       OK   
functions/solution_function.test    ..........................................................................       OK   
functions/image_function/error.errors/no_vtk    ..............................................................       OK   
functions/solution_function.rot2    ..........................................................................       OK   
functions/solution_function.rot1    ..........................................................................       OK   
functions/solution_function.rot4    ..........................................................................       OK   
functions/piecewise_multilinear.except4    ...................................................................       OK   
functions/piecewise_multilinear.except3    ...................................................................       OK   
functions/solution_function.rot3    ..........................................................................       OK   
functions/linear_combination_function.lcf_vector    ..........................................................       OK   
functions/solution_function.solution_function_grad_p1    .....................................................       OK   
dgkernels/jacobian_testing.jacobian_test    ..................................................................       OK   
functions/piecewise_multilinear.except2    ...................................................................       OK   
functions/piecewise_multilinear.except1    ...................................................................       OK   
functions/piecewise_multilinear.except5    ...................................................................       OK   
functions/piecewise_multilinear.oneDa    .....................................................................       OK   
functions/constant_function.test    ..........................................................................       OK   
functions/piecewise_multilinear.oneDb    .....................................................................       OK   
functions/function_file_format.test    .......................................................................       OK   
functions/piecewise_multilinear.twoD_const    ................................................................       OK   
functions/piecewise_constant.test    .........................................................................       OK   
functions/solution_function.exodus_test    ...................................................................       OK   
dgkernels/dg_displacement.test    ............................................................................       OK   
dampers/constant_damper.testdamper    ........................................................................       OK   
functions/piecewise_multilinear.fourDa    ....................................................................       OK   
functions/parsed.function_curl    ............................................................................       OK   
functions/parsed.combined    .................................................................................       OK   
functions/solution_function.scale_transl    ..................................................................       OK   
functions/vector_postprocessor_function.test    ..............................................................       OK   
geomsearch/quadrature_locator_plus_constraint.quadrature_locator_plus_constraint    ..........................       OK   
functions/parsed.scalar    ...................................................................................       OK   
geomsearch/quadrature_penetration_locator.qpl    .............................................................       OK   
geomsearch/quadrature_penetration_locator.1d_qpl    ..........................................................       OK   
geomsearch/2d_penetration_locator.2d_triangle    .............................................................       OK   
geomsearch/quadrature_nearest_node_locator.qnnl_ad    ........................................................       OK   
geomsearch/fake_block_to_boundary.test    ....................................................................       OK   
geomsearch/2d_penetration_locator.test    ....................................................................       OK   
functions/piecewise_multilinear.twoDb    .....................................................................       OK   
geomsearch/nearest_node_locator.adapt    .....................................................................       OK   
geomsearch/nearest_node_locator.test    ......................................................................       OK   
geomsearch/1d_penetration_locator.test    ....................................................................       OK   
geomsearch/3d_penetration_locator.test    ....................................................................       OK   
geomsearch/2d_moving_penetration.pl_test1qtt    ..............................................................       OK   
geomsearch/2d_moving_penetration.pl_test2q    ................................................................       OK   
geomsearch/quadrature_nearest_node_locator.qnnl    ...........................................................       OK   
geomsearch/patch_update_strategy.never    ....................................................................       OK   
geomsearch/2d_moving_penetration.pl_test1tt    ...............................................................       OK   
geomsearch/3d_moving_penetration_smoothing.disjoint/pl_test3ns    ............................................       OK   
geomsearch/patch_update_strategy.auto    .....................................................................       OK   
geomsearch/2d_moving_penetration.pl_test2qtt    ..............................................................       OK   
functions/piecewise_multilinear.twoDa    .....................................................................       OK   
functions/solution_function.scale_mult    ....................................................................       OK   
functions/piecewise_multilinear.time    ......................................................................       OK   
geomsearch/3d_moving_penetration_smoothing.overlapping/pl_test4ns    .........................................       OK   
functions/solution_function.exodus_interp_test    ............................................................       OK   
functions/parsed.function    .................................................................................       OK   
functions/parsed.transient    ................................................................................       OK   
geomsearch/3d_moving_penetration_smoothing.disjoint/pl_test3nns    ...........................................       OK   
geomsearch/3d_moving_penetration_smoothing.overlapping/pl_test4nnstt    ......................................       OK   
functions/parsed.steady    ...................................................................................       OK   
geomsearch/2d_moving_penetration.pl_test2tt    ...............................................................       OK   
geomsearch/3d_moving_penetration_smoothing.overlapping/pl_test4nstt    .......................................       OK   
functions/parsed.vector    ...................................................................................       OK   
geomsearch/penetration_locator.test    .......................................................................       OK   
geomsearch/3d_penetration_locator.3d_tet    ..................................................................       OK   
geomsearch/3d_moving_penetration_smoothing.disjoint/pl_test3qns    ...........................................       OK   
geomsearch/2d_moving_penetration.pl_test1    .................................................................       OK   
geomsearch/3d_moving_penetration_smoothing.overlapping/pl_test4qnstt    ......................................       OK   
geomsearch/2d_moving_penetration.pl_test4    .................................................................       OK   
geomsearch/3d_moving_penetration_smoothing.overlapping/pl_test4nns    ........................................       OK   
geomsearch/2d_moving_penetration.pl_test4ns    ...............................................................       OK   
geomsearch/2d_moving_penetration.pl_test3qns    ..............................................................       OK   
geomsearch/2d_moving_penetration.pl_test3q    ................................................................       OK   
geomsearch/2d_moving_penetration.pl_test3    .................................................................       OK   
geomsearch/2d_moving_penetration.pl_test4nns    ..............................................................       OK   
geomsearch/patch_update_strategy.always    ...................................................................       OK   
geomsearch/2d_moving_penetration.restart    ..................................................................       OK   
geomsearch/2d_moving_penetration.pl_test3qnns    .............................................................       OK   
geomsearch/2d_moving_penetration.pl_test3nns    ..............................................................       OK   
geomsearch/2d_moving_penetration.pl_test3tt    ...............................................................       OK   
geomsearch/2d_moving_penetration.pl_test1q    ................................................................       OK   
geomsearch/2d_moving_penetration.pl_test3qtt    ..............................................................       OK   
geomsearch/3d_moving_penetration_smoothing.overlapping/pl_test4qns    ........................................       OK   
geomsearch/2d_moving_penetration.pl_test4tt    ...............................................................       OK   
geomsearch/2d_moving_penetration.pl_test3ns    ...............................................................       OK   
geomsearch/2d_moving_penetration.pl_test2    .................................................................       OK   
geomsearch/3d_moving_penetration.pl_test1tt    ...............................................................       OK   
geomsearch/3d_moving_penetration_smoothing.disjoint/pl_test3nnstt    .........................................       OK   
geomsearch/3d_moving_penetration.pl_test2    .................................................................       OK   
geomsearch/3d_moving_penetration.pl_test2q    ................................................................       OK   
geomsearch/2d_moving_penetration.pl_test4qtt    ..............................................................       OK   
relationship_managers/check_coupling_functor.run    ..........................................................       OK   
geomsearch/2d_interior_boundary_penetration_locator.test    ..................................................       OK   
geomsearch/3d_moving_penetration.pl_test1qtt    ..............................................................       OK   
geomsearch/3d_moving_penetration_smoothing.disjoint/pl_test3qnstt    .........................................       OK   
fixedbugs/i8575.test    ......................................................................................       OK   
relationship_managers/default_ghosting.test    ...............................................................       OK   
geomsearch/3d_moving_penetration_smoothing.disjoint/pl_test3nstt    ..........................................       OK   
geomsearch/2d_moving_penetration.pl_test4q    ................................................................       OK   
utils/2d_linear_interpolation.xyz_error    ...................................................................       OK   
utils/copy_input_parameters.test    ..........................................................................       OK   
geomsearch/3d_moving_penetration.pl_test2tt    ...............................................................       OK   
utils/2d_linear_interpolation.data_file_and_xyz_error    .....................................................       OK   
relationship_managers/two_rm.evaluable_neighbors_replicated    ..................................       [min_cpus=3]       OK   
geomsearch/2d_moving_penetration.pl_test4qns    ..............................................................       OK   
geomsearch/3d_moving_penetration.pl_test3tt    ...............................................................       OK   
utils/mffd.mffd_test    ......................................................................................       OK   
actions/setup_postprocessor_data.test_pass    ................................................................       OK   
actions/debug_block.test_show_actions_tasks    ...............................................................       OK   
actions/aux_scalar_variable.high_order_scalar    .............................................................       OK   
geomsearch/3d_moving_penetration.pl_test1    .................................................................       OK   
actions/aux_scalar_variable.invalid_order_high    ............................................................       OK   
utils/2d_linear_interpolation.size_xyz_error    ..............................................................       OK   
utils/2d_linear_interpolation.test    ........................................................................       OK   
geomsearch/3d_moving_penetration.pl_test2qtt    ..............................................................       OK   
utils/spline_interpolation.bicubic/spline_x    ...............................................................       OK   
geomsearch/3d_moving_penetration.pl_test4    .................................................................       OK   
geomsearch/2d_moving_penetration.pl_test4qnns    .............................................................       OK   
geomsearch/3d_moving_penetration.pl_test4tt    ...............................................................       OK   
actions/meta_action.test_meta_action    ......................................................................       OK   
executioners/eigen_executioners.test_nonlinear_eigen    ......................................................       OK   
executioners/eigen_executioners.test_nonlinear_eigen_material    .............................................       OK   
executioners/nullspace.test_singular_contaminated    .........................................................       OK   
executioners/executioner.test_print_automatic_scaling_factors_true    ........................................       OK   
executioners/executioner.test_print_automatic_scaling_factors_false    .......................................       OK   
executioners/fixed_point.test_fixed_point_nonlinear    .......................................................       OK   
utils/mathutils.smootherstep    ..............................................................................       OK   
executioners/full_jacobian_thread_active_bcs.full_jacobian_thread_active_bcs    ..............................       OK   
utils/spline_interpolation.bicubic/spline_z    ...............................................................       OK   
utils/spline_interpolation.regular_spline    .................................................................       OK   
executioners/executioner.test_steady    ......................................................................       OK   
geomsearch/3d_moving_penetration.pl_test1q    ................................................................       OK   
utils/mathutils.clamp    .....................................................................................       OK   
utils/spline_interpolation.bicubic/spline_y    ...............................................................       OK   
utils/mathutils.poly    ......................................................................................       OK   
executioners/steady_time.test_steady_time    .................................................................       OK   
geomsearch/3d_moving_penetration.pl_test3    .................................................................       OK   
problems/external_problem.external_transient    ..............................................................       OK   
problems/external_problem.external_steady    .................................................................       OK   
executioners/executioner.test_transient    ...................................................................       OK   
executioners/executioner.test_steady_adapt    ................................................................       OK   
problems/custom_fe_problem.test    ...........................................................................       OK   
problems/no_kernel_coverage_check.test    ....................................................................       OK   
utils/apply_input_parameters.test    .........................................................................       OK   
problems/mixed_coord.test    .................................................................................       OK   
problems/action_custom_fe_problem.no_problem_block    ........................................................       OK   
geomsearch/3d_moving_penetration.pl_test3q    ................................................................       OK   
problems/action_custom_fe_problem.with_problem_block_with_wrong_type    ......................................       OK   
problems/no_material_coverage_check.test    ..................................................................       OK   
problems/dump_objects.add_mat_and_kernel    ..................................................................       OK   
problems/action_custom_fe_problem.with_problem_block_with_type    ............................................       OK   
problems/action_custom_fe_problem.with_problem_block_without_type    .........................................       OK   
geomsearch/3d_moving_penetration.pl_test4q    ................................................................       OK   
problems/reference_residual_problem.scaled_bad    ............................................................       OK   
problems/no_solve.test    ....................................................................................       OK   
problems/reference_residual_problem.base    ..................................................................       OK   
problems/reference_residual_problem.scaled_good    ...........................................................       OK   
problems/eigen_problem.wrong_NodalBC_type_eigen    ...........................................................       OK   
executioners/eigen_executioners.test_normal_eigenkernel    ...................................................       OK   
executioners/transient_sync_time.test_time_out_interval    ...................................................       OK   
problems/eigen_problem.wrong_boundary_type_eigen    ..........................................................       OK   
mesh/mesh_generation.annular_deprecated/annular_except2_deprecated    ........................................       OK   
mesh/mesh_generation.ringleb_mesh    .........................................................................       OK   
executioners/eigen_executioners.test_inverse_power_method    .................................................       OK   
mesh/mesh_generation.annular/annulus    ......................................................................       OK   
mesh/mesh_generation.annular/annular_except3    ..............................................................       OK   
mesh/mesh_generation.annular/annular_except5    ..............................................................       OK   
mesh/mesh_generation.test    .................................................................................       OK   
mesh/mesh_generation.annular/annular_except1    ..............................................................       OK   
mesh/mesh_generation.annular_deprecated/annular_except1_deprecated    ........................................       OK   
mesh/mesh_generation.spiral_annular_mesh    ..................................................................       OK   
mesh/mesh_generation.annular_deprecated/annular_except5_deprecated    ........................................       OK   
mesh/mesh_generation.mesh_bias    ............................................................................       OK   
mesh/mesh_generation.annular/annular_except4    ..............................................................       OK   
mesh/mesh_generation.annular/annular_except2    ..............................................................       OK   
mesh/mesh_generation.annular_deprecated/annular_except3_deprecated    ........................................       OK   
mesh/mesh_generation.annular/annular_except6    ..............................................................       OK   
problems/eigen_problem.wrong_dirichlet_value_eigen    ........................................................       OK   
problems/eigen_problem.dg_krylovschur    .....................................................................       OK   
mesh/side_list_from_node_list.missing_side_set    ............................................................       OK   
executioners/fixed_point.test_fixed_point    .................................................................       OK   
mesh/mesh_generation.annular/disc    .........................................................................       OK   
problems/eigen_problem.monolith_newton    ....................................................................       OK   
mesh/periodic_node_map.3D    .................................................................................       OK   
problems/eigen_problem.test    ...............................................................................       OK   
problems/eigen_problem.eigen_scalar_kernel    ................................................................       OK   
mesh/periodic_node_map.1D    .................................................................................       OK   
mesh/mesh_generation.mesh_bias_quadratic    ..................................................................       OK   
executioners/eigen_executioners.test_another_nonlinear_eigen    ..............................................       OK   
problems/eigen_problem.ne_deficient    .......................................................................       OK   
mesh/periodic_node_map.2D    .................................................................................       OK   
mesh/node_list_from_side_list.test    ........................................................................       OK   
mesh/mesh_generation.annular/annulus_sector    ...............................................................       OK   
problems/eigen_problem.nonlinear_power    ....................................................................       OK   
mesh/mesh_generation.annular/disc_sector    ..................................................................       OK   
problems/eigen_problem.coupled_system    .....................................................................       OK   
mesh/mixed_dim.oned_twod_w_matl_test    ......................................................................       OK   
problems/eigen_problem.nonlinear_laplace    ..................................................................       OK   
mesh/patterned_mesh.patterned_generation    ..................................................................       OK   
mesh/side_list_from_node_list.construct_side_sets    .........................................................       OK   
mesh/mixed_dim.oned_threed_test    ...........................................................................       OK   
mesh/stitched_mesh.files_error    ............................................................................       OK   
mesh/concentric_circle_mesh.test    ..........................................................................       OK   
mesh/distributed_generated_mesh.d2    ...........................................................       [min_cpus=2]       OK   
mesh/no_mesh_block.no_mesh_block_err    ......................................................................       OK   
mesh/stitched_mesh.test    ...................................................................................       OK   
mesh/named_entities.on_the_fly_test    .......................................................................       OK   
mesh/named_entities.test_names    ............................................................................       OK   
mesh/adapt.displaced_test    .................................................................................       OK   
mesh/adapt.initial_adaptivity_test    ........................................................................       OK   
mesh/named_entities.test_names_xda    ........................................................................       OK   
mesh/adapt.adapt_cycles_test    ..............................................................................       OK   
mesh/high_order_elems.test_pyramid5    .......................................................................       OK   
mesh/high_order_elems.test_prism6_refine    ..................................................................       OK   
mesh/high_order_elems.test_hex20_refine    ...................................................................       OK   
mesh/high_order_elems.test_tri6_refine    ....................................................................       OK   
problems/eigen_problem.gipm_test    ..........................................................................       OK   
mesh/mixed_dim.oned_twod_test    .............................................................................       OK   
mesh/adapt.test_time    ......................................................................................       OK   
mesh/high_order_elems.test_hex8_refine    ....................................................................       OK   
mesh/high_order_elems.test_quad9_refine    ...................................................................       OK   
mesh/high_order_elems.test_pyramid14    ......................................................................       OK   
mesh/high_order_elems.test_quad4_refine    ...................................................................       OK   
mesh/high_order_elems.test_tet4_refine    ....................................................................       OK   
mesh/high_order_elems.test_hex27_refine    ...................................................................       OK   
mesh/high_order_elems.test_prism15_refine    .................................................................       OK   
mesh/adapt.test    ...........................................................................................       OK   
mesh/splitting.split_with_RM_part1    ........................................................................       OK   
mesh/high_order_elems.test_tet10_refine    ...................................................................       OK   
mesh/high_order_elems.test_tri3_refine    ....................................................................       OK   
mesh/mesh_only.output_dimension_override    ..................................................................       OK   
mesh/checkpoint.test_4a    ......................................................................       [min_cpus=4]       OK   
mesh/gmsh_bcs.gmsh_bc_test    ................................................................................       OK   
dirackernels/multiplicity.multiplicity    ....................................................................       OK   
mesh/checkpoint.test_4    .......................................................................       [min_cpus=4]       OK   
controls/conditional_functional_enable.test    ...............................................................       OK   
controls/error.non_controllable_error    .....................................................................       OK   
mesh/high_order_elems.test_quad8_refine    ...................................................................       OK   
controls/error.multiple_params_found_warning    ..............................................................       OK   
controls/control_connection.alias    .........................................................................       OK   
mesh/checkpoint.test_2    .......................................................................       [min_cpus=2]       OK   
mesh/checkpoint.test_2a    ......................................................................       [min_cpus=2]       OK   
controls/time_periods/aux_scalar_kernels.multi_different_times    ............................................       OK   
mortar/cant-do-3d.except    ..................................................................................       OK   
executioners/transient_sync_time.testsynctimes    ............................................................       OK   
controls/time_periods/scalarkernels.test    ..................................................................       OK   
controls/time_periods/user_objects.test    ...................................................................       OK   
controls/time_periods/dampers.control    .....................................................................       OK   
dirackernels/point_caching.point_caching/adaptive_refinement    ..............................................       OK   
controls/time_periods/nodalkernels.test    ...................................................................       OK   
misc/save_in.error/test_diag_sol_var_err    ..................................................................       OK   
controls/time_periods/bcs.enable_disable    ..................................................................       OK   
controls/time_periods/aux_kernels.test    ....................................................................       OK   
mesh/named_entities.test_periodic_names    ...................................................................       OK   
misc/app_name.test    ........................................................................................       OK   
mortar/gap-conductance-2d-non-conforming.gap_conductance_fine    .............................................       OK   
dirackernels/constant_point_source.dim/3D    .................................................................       OK   
controls/real_function_control.multiple    ...................................................................       OK   
partitioners/block_weighted_partitioner.block_weight_partitioner/replicated_mesh    .............       [min_cpus=4]       OK   
misc/save_in.save_in/cg    ...................................................................................       OK   
partitioners/petsc_partitioner.parmetis_presplit_mesh    ........................................       [min_cpus=2]       OK   
controls/time_periods/multiapps.test    ......................................................................       OK   
controls/time_periods/constraints.test    ....................................................................       OK   
misc/max_var_n_dofs_per_elem.2d    ...........................................................................       OK   
misc/max_var_n_dofs_per_elem.1d    ...........................................................................       OK   
misc/check_error.function_file_test8    ......................................................................       OK   
misc/check_error.deprecated_block_test    ....................................................................       OK   
misc/check_error.deprecated_param_no_default    ..............................................................       OK   
misc/check_error.function_file_test9    ......................................................................       OK   
misc/check_error.coupled_nodal_for_non_nodal_variable_older    ...............................................       OK   
misc/check_error.function_file_test10    .....................................................................       OK   
misc/max_var_n_dofs_per_elem.2d_high_order    ................................................................       OK   
misc/subdomain_setup.test    .................................................................................       OK   
misc/execute_on.test    ......................................................................................       OK   
controls/tag_based_naming_access.system_object_param    ......................................................       OK   
misc/check_error.nodal_bc_on_elemental_var    ................................................................       OK   
misc/check_error.add_aux_variable_multiple_test    ...........................................................       OK   
misc/check_error.dynamic_check_name_block_test    ............................................................       OK   
mesh/custom_partitioner.group/custom_linear_partitioner_displacement    .........................       [min_cpus=2]       OK   
misc/check_error.steady_no_converge    .......................................................................       OK   
misc/check_error.function_file_test15    .....................................................................       OK   
dirackernels/point_caching.point_caching/moving_mesh    ......................................................       OK   
misc/check_error.dynamic_check_name_block_mismatch_test    ...................................................       OK   
misc/check_error.missing_input    ............................................................................       OK   
misc/check_error.bad_enum_test    ............................................................................       OK   
misc/check_error.bad_bc_var_test    ..........................................................................       OK   
misc/check_error.linear_interp_material_check    .............................................................       OK   
misc/check_error.function_file_test16    .....................................................................       OK   
misc/check_error.bad_bc_test    ..............................................................................       OK   
misc/check_error.incomplete_kernel_variable_coverage_test    .................................................       OK   
misc/check_error.invalid_elemental_to_nodal_couple_test    ...................................................       OK   
misc/check_error.missing_active_section_test    ..............................................................       OK   
misc/check_error.function_file_test3    ......................................................................       OK   
misc/check_error.function_file_test5    ......................................................................       OK   
misc/check_error.bad_kernel_var_test    ......................................................................       OK   
misc/check_error.function_file_test1    ......................................................................       OK   
misc/check_error.kernel_with_empty_var    ....................................................................       OK   
misc/check_error.function_file_test6    ......................................................................       OK   
misc/check_error.function_file_test7    ......................................................................       OK   
misc/check_error.kernel_with_aux_var    ......................................................................       OK   
misc/check_error.missing_function_file_test    ...............................................................       OK   
misc/check_error.scalar_old_integrity_check    ...............................................................       OK   
misc/check_error.missing_function_test    ....................................................................       OK   
misc/check_error.vector_kernel_with_standard_var    ..........................................................       OK   
misc/check_error.dirac_kernel_with_aux_var    ................................................................       OK   
misc/check_error.scalar_aux_kernel_with_var    ...............................................................       OK   
misc/check_error.scalar_dot_integrity_check    ...............................................................       OK   
misc/check_error.rz_3d_error_check_test    ...................................................................       OK   
misc/check_error.same_name_variable_test    ..................................................................       OK   
misc/check_error.dot_integrity_check    ......................................................................       OK   
misc/check_error.missing_material_prop_test2    ..............................................................       OK   
misc/check_error.override_name_variable_test    ..............................................................       OK   
misc/check_error.check_syntax_ok    ..........................................................................       OK   
misc/check_error.subdomain_restricted_auxkernel_test    ......................................................       OK   
misc/check_error.missing_material_prop_test    ...............................................................       OK   
misc/check_error.bad_stateful_material_only_old    ...........................................................       OK   
misc/check_error.bc_with_aux_var    ..........................................................................       OK   
misc/check_error.check_syntax_error    .......................................................................       OK   
misc/check_error.unused_param_test    ........................................................................       OK   
misc/check_error.missing_mesh_test    ........................................................................       OK   
misc/check_error.multiple_time_int_check    ..................................................................       OK   
misc/check_error.bad_stateful_material_only_older    .........................................................       OK   
misc/check_error.subdomain_restricted_kernel_test    .........................................................       OK   
misc/check_error.check_syntax_no_input    ....................................................................       OK   
misc/check_error.unused_param_test_cli    ....................................................................       OK   
misc/check_error.missing_req_par_action_obj_test    ..........................................................       OK   
misc/check_error.range_check_param    ........................................................................       OK   
misc/check_error.uo_pps_name_collision_test    ...............................................................       OK   
misc/check_error.calling_wrong_feproblem_method    ...........................................................       OK   
misc/check_error.missing_req_par_mesh_block_test    ..........................................................       OK   
misc/check_error.kernel_with_vector_var    ...................................................................       OK   
misc/check_error.uo_vector_pps_name_collision_test    ........................................................       OK   
misc/check_error.function_conflict    ........................................................................       OK   
misc/check_error.function_file_test17    .....................................................................       OK   
misc/check_error.wrong_displacement_order    .................................................................       OK   
misc/check_error.missing_req_par_moose_obj_test    ...........................................................       OK   
misc/check_error.wrong_object_test2    .......................................................................       OK   
misc/check_error.missing_var_in_kernel_test    ...............................................................       OK   
misc/check_error.bad_number    ...............................................................................       OK   
misc/check_error.wrong_object_test    ........................................................................       OK   
misc/check_error.missing_required_coupled_test    ............................................................       OK   
misc/check_error.wrong_input_switch    .......................................................................       OK   
misc/check_error.ics_missing_variable    .....................................................................       OK   
misc/check_error.multi_precond_test    .......................................................................       OK   
misc/check_error.coupling_field_into_scalar    ...............................................................       OK   
misc/check_error.aux_kernel_with_var    ......................................................................       OK   
misc/check_error.coupling_scalar_into_field    ...............................................................       OK   
misc/check_error.nan_no_trap_fpe_test    .....................................................................       OK   
misc/check_error.function_file_test2    ......................................................................       OK   
misc/check_error.coupled_nodal_for_non_nodal_variable    .....................................................       OK   
misc/check_error.coupling_nonexistent_field    ...............................................................       OK   
misc/initial_solution_copy.equal_solutions    ................................................................       OK   
misc/check_error.ic_bnd_for_non_nodal    .....................................................................       OK   
misc/check_error.coupling_nonexistent_scalar    ..............................................................       OK   
misc/check_error.nan_no_trap_fpe_test_trans    ...............................................................       OK   
misc/check_error.nodal_material_test    ......................................................................       OK   
misc/check_error.dg_kernel_with_aux_var    ...................................................................       OK   
misc/check_error.old_integrity_check    ......................................................................       OK   
misc/jacobian.inf_nan    .....................................................................................       OK   
misc/jacobian.no_negative_jacobian    ........................................................................       OK   
misc/block_user_object_check.variable_interface_error_block_any    ...........................................       OK   
misc/block_user_object_check.coupleable_error_block_any    ...................................................       OK   
misc/block_user_object_check.variable_interface_run    .......................................................       OK   
misc/block_user_object_check.variable_interface_error_block_set    ...........................................       OK   
misc/block_user_object_check.coupleable_error_block_set2    ..................................................       OK   
misc/intermittent_failure.intermittent_failure    ............................................................       OK   
misc/serialized_solution.test    .............................................................................       OK   
misc/serialized_solution.uniform_refine    ...................................................................       OK   
misc/serialized_solution.adapt    ............................................................................       OK   
misc/block_user_object_check.coupleable_error_block_set    ...................................................       OK   
misc/deprecation.expired    ..................................................................................       OK   
misc/deprecation.renamed    ..................................................................................       OK   
misc/deprecation.expired_error    ............................................................................       OK   
misc/deprecation.deprecated    ...............................................................................       OK   
misc/version.print_version_long    ...........................................................................       OK   
misc/version.print_version_short    ..........................................................................       OK   
misc/should_execute.execute    ...............................................................................       OK   
misc/selective_reinit.test    ................................................................................       OK   
misc/no_exodiff_map.test    ..................................................................................       OK   
misc/exception.parallel_exception_jacobian_transient    ......................................................       OK   
misc/exception.skip_exception_check    .......................................................................       OK   
misc/exception.parallel_exception_initial_condition    .......................................................       OK   
multiapps/relaxation.bad_relax_factor    .....................................................................       OK   
misc/exception.parallel_exception_residual_transient    ......................................................       OK   
misc/exception.parallel_error_residual_transient_non_zero_rank    ...............................       [min_cpus=2]       OK   
misc/exception.parallel_error_jacobian_transient_non_zero_rank    ...............................       [min_cpus=2]       OK   
multiapps/full_solve_multiapp.test    ........................................................................       OK   
multiapps/initial_intactive.initial_inactive    ..............................................................       OK   
multiapps/check_error.not_enough_positions    ................................................................       OK   
multiapps/check_error.both_positions    ......................................................................       OK   
multiapps/check_error.sub_cycling_and_catch_up    ............................................................       OK   
multiapps/check_error.not_enough_position_files    ...........................................................       OK   
multiapps/check_error.bad_positions    .......................................................................       OK   
multiapps/check_error.unused_subapp_param    .................................................................       OK   
misc/jacobian.med    .........................................................................................       OK   
multiapps/restart_subapp_ic.group/first    ...................................................................       OK   
multiapps/petsc_options.test    ..............................................................................       OK   
multiapps/time_offset.start_time    ..........................................................................       OK   
multiapps/reset.group/test    ................................................................................       OK   
multiapps/picard.function_dt    ..............................................................................       OK   
multiapps/restart.group/first    .............................................................................       OK   
multiapps/loose_couple_time_adapt.group/end    ...............................................................       OK   
misc/jacobian.offdiag    .....................................................................................       OK   
multiapps/command_line.wrong_size    .........................................................................       OK   
multiapps/output_in_position.group/test    ...................................................................       OK   
multiapps/sub_cycling_failure.group/test_failure    ..........................................................       OK   
multiapps/picard.steady_with_custom_convergence_check    .....................................................       OK   
multiapps/relaxation.master_relaxed    .......................................................................       OK   
multiapps/picard_multilevel.test    ..........................................................................       OK   
multiapps/relaxation.sub_relaxed    ..........................................................................       OK   
quadrature/order.order3    ...................................................................................       OK   
multiapps/picard_catch_up_keep_solution.test    ..............................................................       OK   
outputs/csv_final_and_latest.no_latest    ....................................................................       OK   
outputs/displaced.mesh_use_displaced_mesh_false    ...........................................................       OK   
outputs/csv_final_and_latest.final_only    ...................................................................       OK   
multiapps/picard_multilevel/fullsolve_multilevel.test    .....................................................       OK   
outputs/transferred_scalar_variable.group/csv    .............................................................       OK   
multiapps/picard.iteration_adaptive_picard_max_its    ........................................................       OK   
outputs/format.show_input_test    ............................................................................       OK   
multiapps/picard_sub_cycling.test    .........................................................................       OK   
outputs/checkpoint.block/recover_with_checkpoint_block    ....................................................       OK   
multiapps/command_line.master_common    ......................................................................       OK   
outputs/intervals.common_time_step    ........................................................................       OK   
multiapps/detect_steady_state.test    ........................................................................       OK   
multiapps/relaxation.standard    .............................................................................       OK   
multiapps/sub_cycling.group/test    ..........................................................................       OK   
outputs/csv.restart/restart_part2    .........................................................................       OK   
quadrature/gauss_lobatto.gauss_lobatto    ....................................................................       OK   
quadrature/order.elem5_side7    ..............................................................................       OK   
outputs/csv.transient_exodus    ..............................................................................       OK   
multiapps/move_and_reset.group/test    .......................................................................       OK   
multiapps/sub_cycling.test_sub_cycle_output    ...............................................................       OK   
outputs/recover.part2    .....................................................................................       OK   
auxkernels/solution_aux.aux_nonlinear_solution_from_xdr    ...................................................       OK   
auxkernels/solution_aux.aux_nonlinear_solution_from_xda    ...................................................       OK   
multiapps/picard_failure.test_2subapps    ....................................................................       OK   
multiapps/sub_cycling.group/test_short_subapp    .............................................................       OK   
misc/line_source.test    .....................................................................................       OK   
transfers/get_transfers_from_feproblem.success    ............................................................       OK   
multiapps/picard.abs_tol    ..................................................................................       OK   
transfers/multiapp_postprocessor_interpolation_transfer.test_error    ........................................       OK   
auxkernels/solution_aux.test    ..............................................................................       OK   
auxkernels/solution_aux.solution_aux_scale    ................................................................       OK   
transfers/multiapp_userobject_transfer.3d_1d_err    ..........................................................       OK   
multiapps/picard.test    .....................................................................................       OK   
multiapps/positions_from_file.dt_from_multi    ...............................................................       OK   
multiapps/catch_up.test    ...................................................................................       OK   
kernels/ad_2d_diffusion.testbodyforce-jac    .................................................................       OK   
kernels/jxw_grad_test_dep_on_displacements.jxw_jacobian_2_spherical    .......................................       OK   
outputs/checkpoint.interval/test_recover    ..................................................................       OK   
materials/stateful_prop.stateful_old/csvdiff_old    ..........................................................       OK   
outputs/checkpoint.default/recover    ........................................................................       OK   
kernels/ode.test_coupled_ode_td_var_ic_from_mesh    ..........................................................       OK   
kernels/2d_diffusion.test_jacobian    ........................................................................       OK   
transfers/multiapp_nearest_node_transfer.fromsub_displaced    ................................................       OK   
multiapps/picard_failure.test    .............................................................................       OK   
kernels/array_kernels.test_diffusion_reaction_dg    ..........................................................       OK   
auxkernels/vector_postprocessor_visualization.test    ...........................................       [min_cpus=3]       OK   
kernels/vector_fe.coupled_gradient_dot_jacobian    ...........................................................       OK   
kernels/vector_fe.ad_comp_error    ...........................................................................       OK   
kernels/ad_value.test    .....................................................................................       OK   
transfers/multiapp_conservative_transfer.conservative_transfer_nearest_point_vector_pps    ...................       OK   
misc/jacobian.simple    ......................................................................................       OK   
kernels/coupled_time_derivative.vectortestdirichlet    .......................................................       OK   
multiapps/multilevel.group/dt_from_sub    ....................................................................       OK   
kernels/2d_diffusion.testdirichlet    ........................................................................       OK   
kernels/conservative_advection.upwinding/no_upwinding_2D    ..................................................       OK   
multiapps/transient_multiapp.group/dt_from_master    .........................................................       OK   
materials/ad_material.stateful_residual    ...................................................................       OK   
transfers/multiapp_variable_value_sample_transfer.pp/pp_test    ..............................................       OK   
multiapps/multiple_position_files.test    ....................................................................       OK   
kernels/simple_transient_diffusion.test_mallocs    ...........................................................       OK   
kernels/bad_scaling_scalar_kernels.auto-scaled-field-scalar-system-parallel    ...............................       OK   
kernels/kernel_precompute.adtest    ..........................................................................       OK   
kernels/coupled_time_derivative.adtestdirichlet    ...........................................................       OK   
time_steppers/timesequence_stepper.restart_failure/timesequence_restart_failure2    ..........................       OK   
constraints/equal_value_embedded_constraint.1D_2D_penalty    .................................................       OK   
kernels/array_kernels.test_diffusion_reaction_transient    ...................................................       OK   
multiapps/picard_catch_up.test    ............................................................................       OK   
kernels/simple_transient_diffusion.automatic-scaling-done-once-parallel-preconditioner    ....................       OK   
time_steppers/timesequence_stepper.time_sequence/csvtimesequence    ..........................................       OK   
time_steppers/iteration_adaptive.test_grow_init_dt_restart    ................................................       OK   
time_steppers/timesequence_stepper.restart/timesequence_restart2    ..........................................       OK   
materials/piecewise_linear_interpolation_material.test_scale_factor    .......................................       OK   
time_steppers/timesequence_stepper.restart/timesequence_restart3    ..........................................       OK   
materials/types.except1    ...................................................................................       OK   
restrictable/block_api_test.ids/blocks    ....................................................................       OK   
multiapps/move.group/multilevel    ...........................................................................       OK   
restrictable/block_api_test.mat/hasBlockMaterialProperty_true    .............................................       OK   
userobjects/threaded_general_user_object.thread_copies_guo/th4    ............................       [min_threads=4]       OK   
materials/generic_constant_material.test_constant_on_elem    .................................................       OK   
kernels/ode.test_parsed_sys_impl    ..........................................................................       OK   
materials/ad_material.test_adreg    ..........................................................................       OK   
materials/ad_piecewise_linear_interpolation_material.test_scale_factor    ....................................       OK   
userobjects/nearest_point_layered_average.error_missing_point_spec    ........................................       OK   
userobjects/nearest_point_layered_average.error_not_enough_points_in_a_file    ...............................       OK   
restrictable/check_error.errors/mesh_null    .................................................................       OK   
userobjects/nearest_point_layered_average.error_conflicting_point_spec    ....................................       OK   
parser/vector_range_checking.vector_elem_checks/elementcompare_int    ........................................       OK   
userobjects/solution_user_object.discontinuous_value_solution_uo_p2    .......................................       OK   
interfacekernels/1d_interface.reaction_1D_steady_ExoDiff    ..................................................       OK   
vectorpostprocessors/line_value_sampler.delimiter    .........................................................       OK   
parser/parse_double_index.parse_double_index    ..............................................................       OK   
userobjects/nearest_point_layered_average.from_file    .......................................................       OK   
time_steppers/timesequence_stepper.time_sequence/exodustimesequence    .......................................       OK   
vectorpostprocessors/intersection_points_along_line.intersecting_elems/1d    .................................       OK   
vectorpostprocessors/line_function_sampler.test    ...........................................................       OK   
vectorpostprocessors/volume_histogram.test    ................................................................       OK   
parser/param_substitution.param_substitution_in_file    ......................................................       OK   
interfacekernels/adaptivity.error_stateful_ik_adaptivity    ..................................................       OK   
ics/from_exodus_solution.nodal_var_2    ......................................................................       OK   
mesh_modifiers/add_side_sets_from_bounding_box.error_boundary_number    ......................................       OK   
vectorpostprocessors/point_value_sampler_history.test    .....................................................       OK   
interfacekernels/1d_interface.mixed_shapes_test    ...........................................................       OK   
preconditioners/auto_smp.auto    .............................................................................       OK   
ics/random_ic_test.test_threaded    ..........................................................       [min_threads=2]       OK   
mesh_modifiers/rename_block.except1    .......................................................................       OK   
vectorpostprocessors/least_squares_fit_history.least_squares_history    ......................................       OK   
ics/from_exodus_solution.elem_var_2    .......................................................................       OK   
interfacekernels/2d_interface.vector_2d    ...................................................................       OK   
mesh_modifiers/sidesets_around_subdomain.around_created_subdomain    .........................................       OK   
mesh_modifiers/add_extra_nodeset.test    .....................................................................       OK   
mesh_modifiers/rename_block.rename2    .......................................................................       OK   
auxkernels/solution_aux.aux_nonlinear_solution_adapt_from_xda    .............................................       OK   
transfers/multiapp_conservative_transfer.conservative_transfer_userobject_transfer_csv    ....................       OK   
restart/pointer_restart_errors.pointer_load_error2    ........................................................       OK   
postprocessors/pps_interval.interval_output/test_interval_verify    ..........................................       OK   
restart/restartable_types.serial/second    ...................................................................       OK   
meshgenerators/generated_mesh_generator.generated_mesh_generator_mesh_type_test    ...........................       OK   
mesh_modifiers/assign_element_subdomain_id.quad_elementid_test    ............................................       OK   
bcs/periodic.auto_wrap_2d_test_error_check    ................................................................       OK   
preconditioners/smp.smp/smp_adapt_test    ....................................................................       OK   
interfacekernels/1d_interface.interface_diffusion_penalty    .................................................       OK   
interfacekernels/2d_interface.parallel_fdp_test    ..............................................       [min_cpus=2]       OK   
vectorpostprocessors/dynamic_point_sampler.dynamic_point_sampler    ..........................................       OK   
restart/start_time_override.start_time_override_zero    ......................................................       OK   
relationship_managers/evaluable.edge_neighbor    ................................................       [min_cpus=3]       OK   
ics/dependency.monomial    ...................................................................................       OK   
restart/restart_diffusion.uniform_refine_test_2    ...........................................................       OK   
vectorpostprocessors/elements_along_line.1d    ...............................................................       OK   
restart/restart_add_variable.add_variable_restart    .........................................................       OK   
multiapps/centroid_multiapp.test    ..........................................................................       OK   
dgkernels/2d_diffusion_dg.proper_ghosting_with_action_parallel    ...............................       [min_cpus=2]       OK   
functions/solution_function.solution_function_grad_p2    .....................................................       OK   
executioners/eigen_executioners.test_nonlinear_eigen_parallel    .............................................       OK   
executioners/eigen_executioners.test_deficient_B_eigen    ....................................................       OK   
parser/cli_multiapp_single.cli_override_single    ............................................................       OK   
executioners/pp_binding.pp_binding    ........................................................................       OK   
interfacekernels/2d_interface.jacobian_test    ...............................................................       OK   
meshgenerators/final_generator.final_select/second    ........................................................       OK   
vectorpostprocessors/element_variables_difference_max.max_difference/true    .................................       OK   
mesh/splitting.make_split    .................................................................................       OK   
executioners/time_period.test    .............................................................................       OK   
mesh/mesh_only.mesh_info    ..................................................................................       OK   
dirackernels/material_point_source.check_errors/old    .......................................................       OK   
dirackernels/material_point_source.check_errors/older    .....................................................       OK   
executioners/adapt_and_modify.test    ........................................................................       OK   
mesh/high_order_elems.test_pyramid13    ......................................................................       OK   
mesh/tiled_mesh.tiled_mesh_test    ...........................................................................       OK   
multiapps/multilevel.group/time_dt_from_master    ............................................................       OK   
mesh/distributed_generated_mesh.d1    ...........................................................       [min_cpus=2]       OK   
controls/restrict_exec_flag.error    .........................................................................       OK   
restart/kernel_restartable.kernel/test2    ...................................................................       OK   
mesh/adapt.interval    .......................................................................................       OK   
controls/output.active    ....................................................................................       OK   
dirackernels/material_point_source.material_point_source_test    .............................................       OK   
mesh/unique_ids.replicated_mesh    ..............................................................       [min_cpus=2]       OK   
controls/output.cli_args    ..................................................................................       OK   
dirackernels/aux_scalar_variable.test    .....................................................................       OK   
dirackernels/point_caching.point_caching/basic    ............................................................       OK   
controls/time_periods/error.time_disable_size_mismatch    ....................................................       OK   
controls/control_connection.direct    ........................................................................       OK   
controls/time_periods/error.enable_disable_not_set    ........................................................       OK   
controls/time_periods/error.start_greater_than_end_error    ..................................................       OK   
controls/time_periods/dampers.enable_false    ................................................................       OK   
controls/time_periods/error.steady_error    ..................................................................       OK   
controls/syntax_based_naming_access.system_asterisk_param    .................................................       OK   
controls/dependency.test    ..................................................................................       OK   
mesh/high_order_elems.test_prism18_refine    .................................................................       OK   
restart/new_dt.test_restart    ...............................................................................       OK   
mortar/periodic-value.jac    .................................................................................       OK   
geomsearch/patch_update_strategy.never_warning    ............................................................       OK   
controls/moose_base_naming_access.base_param    ..............................................................       OK   
controls/moose_base_naming_access.base_object_param    .......................................................       OK   
controls/time_periods/kernels.test    ........................................................................       OK   
controls/tag_based_naming_access.param    ....................................................................       OK   
scalar_kernels/ad_coupled_scalar.jac    ......................................................................       OK   
controls/tag_based_naming_access.system_asterisk_param    ....................................................       OK   
mortar/continuity-2d-conforming.conforming_two_var    ........................................................       OK   
mortar/1d.test    ............................................................................................       OK   
mortar/continuity-2d-conforming.equalgradient    .............................................................       OK   
dirackernels/function_dirac_source.function_dirac_source    ..................................................       OK   
mortar/continuity-2d-non-conforming.soln-continuity    .......................................................       OK   
mesh/adapt.patch_test    .....................................................................................       OK   
scalar_kernels/ad_coupled_scalar.exo    ......................................................................       OK   
mesh/mesh_only.mesh_only_test    .............................................................................       OK   
misc/block_boundary_material_check.bc_check    ...............................................................       OK   
partitioners/petsc_partitioner.parmetis_weight_side    ..........................................       [min_cpus=4]       OK   
misc/check_error.deprecated_param_default    .................................................................       OK   
misc/block_boundary_material_check.dgkernel_check_block    ...................................................       OK   
misc/check_error.coupled_nodal_for_non_nodal_variable_old    .................................................       OK   
misc/save_in.save_in/dg    ...................................................................................       OK   
misc/check_error.coupling_itself    ..........................................................................       OK   
misc/check_error.function_file_test11    .....................................................................       OK   
misc/check_error.function_file_test12    .....................................................................       OK   
misc/check_error.interface_kernel_with_aux_var    ............................................................       OK   
mortar/displaced-gap-conductance-2d-non-conforming.linear_exact_verification    ..............................       OK   
misc/check_error.nodal_kernel_with_aux_var    ................................................................       OK   
misc/max_var_n_dofs_per_elem.triangles    ....................................................................       OK   
misc/ad_robustness.neighbor_ad_with_nl    ....................................................................       OK   
misc/check_error.dynamic_check_name_boundary_mismatch_test    ................................................       OK   
misc/check_error.checked_pointer_param_test    ...............................................................       OK   
misc/check_error.dynamic_check_name_boundary_test    .........................................................       OK   
controls/tag_based_naming_access.object_param    .............................................................       OK   
misc/check_error.function_file_test4    ......................................................................       OK   
misc/check_error.incomplete_kernel_block_coverage_test    ....................................................       OK   
misc/check_error.constraint_with_aux_var    ..................................................................       OK   
misc/check_error.bad_parsed_function_vars_test    ............................................................       OK   
controls/time_periods/dirackernels.test    ...................................................................       OK   
misc/check_error.missing_coupled_mat_prop_test    ............................................................       OK   
mortar/periodic-value.exo    .................................................................................       OK   
misc/check_error.bad_material_test    ........................................................................       OK   
misc/jacobian.jacobian_negative    ...........................................................................       OK   
materials/stateful_prop.stateful_older/csvdiff_older    ......................................................       OK   
multiapps/check_error.positions    ...........................................................................       OK   
postprocessors/old_vpp_value.old_with_history    .............................................................       OK   
bcs/periodic.testperiodic_dp    .................................................................       [min_cpus=2]       OK   
multiapps/initial_failure.initial_multiapp_failure    ........................................................       OK   
multiapps/output_in_position.group/multilevel    .............................................................       OK   
multiapps/check_error.input_file    ..........................................................................       OK   
auxkernels/solution_aux.output_error    ......................................................................       OK   
multiapps/restart_multilevel.group/first    ..................................................................       OK   
multiapps/command_line.master    .............................................................................       OK   
auxkernels/ghosting_aux.show_ghosting_with_local    .............................................       [min_cpus=4]       OK   
outputs/csv_final_and_latest.no_link    ......................................................................       OK   
auxkernels/solution_aux.direct    ............................................................................       OK   
misc/ad_robustness.neighbor_ad_with_aux_jac    ...............................................................       OK   
auxkernels/solution_scalar_aux.test    .......................................................................       OK   
kernels/jxw_grad_test_dep_on_displacements.jxw_jacobian_2_cylindrical    .....................................       OK   
outputs/recover.part1_latest    ..............................................................................       OK   
multiapps/picard_failure.test_csv    .........................................................................       OK   
kernels/kernel_precompute.adtest-jac    ......................................................................       OK   
misc/max_var_n_dofs_per_elem.triangles_high_order    .........................................................       OK   
kernels/diffusion_with_hanging_node.test_smp    ..............................................................       OK   
outputs/csv.restart/restart_part2_append    ..................................................................       OK   
auxkernels/solution_aux.exodus_interp_restart2    ............................................................       OK   
userobjects/threaded_general_user_object.thread_copies_guo/th2    ............................       [min_threads=2]       OK   
multiapps/restart_subapp_ic.group/second    ..................................................................       OK   
userobjects/setup_interface_count.setup_interface_count/ElementUserObject    .................................       OK   
kernels/anisotropic_diffusion.test_aniso    ..................................................................       OK   
vectorpostprocessors/elements_along_plane.1d    ..............................................................       OK   
materials/piecewise_linear_interpolation_material.test_err1    ...............................................       OK   
vectorpostprocessors/csv_reader.parallel    .....................................................       [min_cpus=2]       OK   
kernels/simple_transient_diffusion.automatic-scaling-done-per-time-step-parallel-preconditioner    ...........       OK   
kernels/array_kernels.test_standard_save_in    ...............................................................       OK   
kernels/2d_diffusion.test_force_iteration    .................................................................       OK   
time_steppers/iteration_adaptive.test_shrink_init_dt_restart    ..............................................       OK   
parser/cli_argument.test    ..................................................................................       OK   
postprocessors/random_pps.random_pps/half_transient    .......................................................       OK   
ics/depend_on_uo.scalar_ic_from_uo    ...........................................................       [min_cpus=2]       OK   
misc/stop_for_debugger.test    ...............................................................................       OK   
restart/kernel_restartable.custom/custom_name2    ............................................................       OK   
restart/restart_transient_from_steady.restart_trans_from_steady    ...........................................       OK   
geomsearch/penetration_locator.parallel_test    .................................................       [min_cpus=3]       OK   
relationship_managers/geometric_neighbors.geometric_edge_neighbor    ............................       [min_cpus=3]       OK   
restart/restart_diffusion.restart_with_variable_rename    ....................................................       OK   
executioners/arbitrary_execute_flag.test    ..................................................................       OK   
multiapps/picard_multilevel.test_force_norms    ..............................................................       OK   
vectorpostprocessors/late_declaration_vector_postprocessor.test    ...........................................       OK   
vectorpostprocessors/elements_along_plane.3d    ..............................................................       OK   
actions/get_actions.get_actions    ...........................................................................       OK   
multiapps/picard.rel_tol    ..................................................................................       OK   
kernels/vector_fe.lagrange_vec    ............................................................................       OK   
multiapps/sub_cycling.test_it_adapt    .......................................................................       OK   
mesh/mesh_generation.annular_deprecated/annulus_sector_deprecated    .........................................       OK   
kernels/ad_mat_diffusion.ad_1D_transient    ..................................................................       OK   
kernels/ode.test_coupled_ode_td_auxvar_ic_from_mesh    .......................................................       OK   
restart/restartable_types.parallel/first    .....................................................       [min_cpus=2]       OK   
controls/output.test    ......................................................................................       OK   
misc/ad_robustness.neighbor_ad_with_nl_jac    ................................................................       OK   
misc/ad_robustness.guard_time_deriv_for_ad_aux    ............................................................       OK   
misc/save_in.error/test_soln_var_err    ......................................................................       OK   
parser/cli_multiapp_single.cli_override_error_check    .......................................................       OK   
dirackernels/constant_point_source.dim/1D    .................................................................       OK   
misc/check_error.bad_kernel_test    ..........................................................................       OK   
controls/error.non_existing_dependency    ....................................................................       OK   
misc/check_error.function_file_test14    .....................................................................       OK   
dirackernels/constant_point_source.dim/2D    .................................................................       OK   
misc/check_error.coupled_grad_without_declare    .............................................................       OK   
misc/jacobian.jacobian_zero    ...............................................................................       OK   
controls/syntax_based_naming_access.system_object_param    ...................................................       OK   
restart/restart_subapp_not_master.two_step_solve_master_restart    ...........................................       OK   
controls/syntax_based_naming_access.param    .................................................................       OK   
executioners/steady_time.test_steady_set_time    .............................................................       OK   
multiapps/picard.iteration_adaptive    .......................................................................       OK   
mesh/custom_partitioner.group/custom_linear_partitioner_restart    ..............................       [min_cpus=2]       OK   
mesh/custom_partitioner.group/custom_linear_partitioner    ......................................       [min_cpus=2]       OK   
controls/time_periods/bcs.integrated    ......................................................................       OK   
mesh/unique_ids.distributed_mesh    .............................................................       [min_cpus=2]       OK   
dirackernels/point_caching.point_caching/uniform_refinement    ...............................................       OK   
executioners/executioner.test_steady_state_check    ..........................................................       OK   
misc/max_var_n_dofs_per_elem.3d    ...........................................................................       OK   
kernels/conservative_advection.upwinding/full_upwinding_2D    ................................................       OK   
multiapps/restart.group/second    ............................................................................       OK   
mesh/patterned_mesh.patterned_run    .........................................................................       OK   
mesh/splitting.use_split    .....................................................................       [min_cpus=3]       OK   
geomsearch/patch_update_strategy.nonlinear_iter    ...........................................................       OK   
multiapps/picard.steady    ...................................................................................       OK   
utils/2d_linear_interpolation.test_internal    ...............................................................       OK   
multiapps/sub_cycling_failure.group/test_failure_max_procs    ...................................       [min_cpus=2]       OK   
multiapps/move.group/test    .................................................................................       OK   
variables/optionally_coupled.two_coupled_default_2    ........................................................       OK   
mesh_modifiers/rename_block.except4    .......................................................................       OK   
materials/ad_piecewise_linear_interpolation_material.test_err1    ............................................       OK   
time_steppers/iteration_adaptive.test_grow_dtfunc_restart    .................................................       OK   
constraints/equal_value_embedded_constraint.1D_3D_kinematic    ...............................................       OK   
materials/ad_material.test_regad    ..........................................................................       OK   
multiapps/move_and_reset.group/multilevel    .................................................................       OK   
multiapps/reset.group/multilevel    ..........................................................................       OK   
actions/debug_block.test_show_actions_dependency    ..........................................................       OK   
restart/restart_diffusion.restart_use_end_part2    ...........................................................       OK   
restart/start_time_override.default_start_timestart    .......................................................       OK   
materials/piecewise_linear_interpolation_material.test_err2    ...............................................       OK   
multiapps/multilevel.group/dt_from_master    .................................................................       OK   
actions/setup_postprocessor_data.test_failure    .............................................................       OK   
executioners/nullspace.test_singular    ......................................................................       OK   
postprocessors/num_residual_eval.test    ........................................................       [min_cpus=2]       OK   
restart/start_time_override.start_time_override_non_zero    ..................................................       OK   
restart/restart_steady_from_transient.steady_from_transient_restart    .......................................       OK   
multiapps/transient_multiapp.group/dt_from_multi    ..........................................................       OK   
controls/time_periods/dampers.enable_true    .................................................................       OK   
multiapps/picard.steady_with_pseudo_stransient_sub    ........................................................       OK   
vectorpostprocessors/nodal_value_sampler.test    .............................................................       OK   
outputs/recover.part2_latest    ..............................................................................       OK   
mesh/mesh_generation.annular_deprecated/disc_sector_deprecated    ............................................       OK   
executioners/eigen_executioners.test_coupled_nonlinear_eigen    ..............................................       OK   
controls/output.clear    .....................................................................................       OK   
mesh/gmsh.gmsh_test    .......................................................................................       OK   
postprocessors/random_pps.random_pps/recover    ..............................................................       OK   
controls/time_periods/aux_scalar_kernels.multi_same_times    .................................................       OK   
vectorpostprocessors/elements_along_line.3d    ...............................................................       OK   
misc/check_error.bad_executioner_test    .....................................................................       OK   
mortar/gap-conductance-2d-non-conforming.real_mortar_gap_conductance    ......................................       OK   
mortar/continuity-2d-conforming.conforming-2nd-order    ......................................................       OK   
preconditioners/fdp.jacobian_fdp_standard_test    ............................................................       OK   
interfacekernels/1d_interface.mixed_shapes_jacobian_test    ..................................................       OK   
misc/block_boundary_material_check.dgkernel_check_boundary    ................................................       OK   
misc/block_boundary_material_check.side_uo_check    ..........................................................       OK   
mortar/continuity-2d-conforming.conforming    ................................................................       OK   
multiapps/restart_multilevel.group/second    .................................................................       OK   
misc/check_error.double_restrict_uo_test    ..................................................................       OK   
nodalkernels/constant_rate.group/threaded    .................................................       [min_threads=3]       OK   
controls/time_periods/transfers.test    ......................................................................       OK   
mortar/continuity-2d-non-conforming.soln-continuity-jac    ...................................................       OK   
mortar/continuity-2d-non-conforming.soln-continuity-fine    ..................................................       OK   
mesh_modifiers/break_boundary.break_bottom    ................................................................       OK   
mortar/displaced-gap-conductance-2d-non-conforming.dynamic_gap_conductance_fine    ...........................       OK   
kernels/jxw_grad_test_dep_on_displacements.jxw_jacobian    ...................................................       OK   
misc/should_execute.dont    ..................................................................................       OK   
partitioners/grid_partitioner.error    ..........................................................       [min_cpus=2]       OK   
auxkernels/solution_aux.thread_test    .......................................................       [min_threads=2]       OK   
transfers/multiapp_variable_value_sample_transfer.silence_barriers    ........................................       OK   
vectorpostprocessors/nodal_value_sampler.not_nodal    ........................................................       OK   
mesh/splitting.split_with_RM_part2    ...........................................................       [min_cpus=2]       OK   
kernels/vector_fe.ad_lagrange_vec    .........................................................................       OK   
vectorpostprocessors/1d_line_sampler.test    .................................................................       OK   
misc/exception.parallel_exception_residual_transient_non_zero_rank    ...........................       [min_cpus=2]       OK   
restart/restart_diffusion.uniform_refine_refine_test_2    ....................................................       OK   
restart/restart_diffusion.trans_from_steady    ...............................................................       OK   
mesh_modifiers/add_extra_nodeset.test_coord    ...............................................................       OK   
mortar/displaced-gap-conductance-2d-non-conforming.dynnamic_mortar_gap_conductance    ........................       OK   
controls/time_periods/error.start_end_size_mismatch    .......................................................       OK   
kernels/diffusion_with_hanging_node.test_fd_coloring    ......................................................       OK   
dirackernels/point_caching.point_caching_error    ............................................................       OK   
misc/check_error.function_file_test13    .....................................................................       OK   
materials/piecewise_linear_interpolation_material.test_err3    ...............................................       OK   
restart/restart_diffusion.restart_use_end_error_check    .....................................................       OK   
misc/check_error.missing_executioner    ......................................................................       OK   
mesh/subdomain_partitioner.subdomain_partitioner_new_petsc    ...................................       [min_cpus=4]       OK   
geomsearch/2d_moving_penetration.restart2    .................................................................       OK   
mesh/adapt_weight.test    ....................................................................................       OK   
partitioners/petsc_partitioner.parmetis_weight_both    ..........................................       [min_cpus=4]       OK   
dirackernels/front_tracking.test    ..........................................................................       OK   
multiapps/picard.steady_fixed_picard_its    ..................................................................       OK   
multiapps/stateful_material_sub_cycling.test_stateful_subcycle    ............................................       OK   
vectorpostprocessors/elements_along_line.2d    ...............................................................       OK   
mesh/mesh_only.mesh_only_warning    ..........................................................................       OK   
misc/check_error.scalar_kernel_with_var    ...................................................................       OK   
multiapps/loose_couple_time_adapt.group/begin    .............................................................       OK   
controls/real_function_control.single    .....................................................................       OK   
materials/ad_material.test_regreg    .........................................................................       OK   
misc/exception.parallel_exception_jacobian_transient_non_zero_rank    ...........................       [min_cpus=2]       OK   
kernels/jxw_grad_test_dep_on_displacements.jxw_jacobian_2    .................................................       OK   
controls/syntax_based_naming_access.object_param    ..........................................................       OK   
mortar/gap-conductance-2d-non-conforming.gap_jacobian    .....................................................       OK   
constraints/equal_value_embedded_constraint.1D_3D_penalty    .................................................       OK   
controls/error.disable_executioner    ........................................................................       OK   
controls/error.no_param_found    .............................................................................       OK   
mesh/distributed_generated_mesh_bias.test    ....................................................       [min_cpus=2]       OK   
interfaces/random.parallel_verification    ......................................................       [min_cpus=2]       OK   
mesh/distributed_generated_mesh.d3    ...........................................................       [min_cpus=2]       OK   
kernels/simple_transient_diffusion.auto-scaling-cant-have-zero-local-dofs    ....................       [min_cpus=3]       OK   
controls/time_periods/bcs.dirichlet    .......................................................................       OK   
kernels/diffusion_with_hanging_node.test_fd_standard    ......................................................       OK   
mortar/displaced-gap-conductance-2d-non-conforming.dynamic_gap_jacobian    ...................................       OK   
materials/piecewise_linear_interpolation_material.test_err4    ...............................................       OK   
misc/check_error.add_aux_scalar_variable_multiple_test    ....................................................       OK   
materials/ad_piecewise_linear_interpolation_material.test_err2    ............................................       OK   
interfaces/random.material_parallel    ..........................................................       [min_cpus=2]       OK   
dirackernels/nonlinear_source.nonlinear_source    ............................................................       OK   
partitioners/grid_partitioner.test    ...........................................................       [min_cpus=4]       OK   
mesh/splitting.check_pre_split    ...............................................................       [min_cpus=3]       OK   
interfaces/random.parallel_verification_uo    ...................................................       [min_cpus=2]       OK   
vectorpostprocessors/dynamic_point_sampler.dynamic_point_sampler_transfer    .................................       OK   
restart/restartable_types.parallel/second    ....................................................       [min_cpus=2]       OK   
transfers/multiapp_vector_pp_transfer.vector_pp_transfer    .....................................       [min_cpus=2]       OK   
vectorpostprocessors/parallel_consistency.broadcast    ..........................................       [min_cpus=2]       OK   
materials/material.exception/rank1    ...........................................................       [min_cpus=4]       OK   
preconditioners/fdp.jacobian_fdp_coloring_diagonal_test_fail    ..............................................       OK   
controls/time_periods/dgkernels.test    ......................................................................       OK   
actions/meta_action_multiple_tasks.circle_quads    ...........................................................       OK   
interfaces/random.threads_verification    ....................................................       [min_threads=2]       OK   
vectorpostprocessors/work_balance.work_balance/replicated    ....................................       [min_cpus=2]       OK   
materials/ad_piecewise_linear_interpolation_material.test_err3    ............................................       OK   
dampers/min_damping.min_nodal_damping    ..........................................       [min_threads=2,min_cpus=2]       OK   
dampers/min_damping.min_elem_damping    ...........................................       [min_threads=2,min_cpus=2]       OK   
partitioners/petsc_partitioner.parmetis    ......................................................       [min_cpus=4]       OK   
constraints/equal_value_embedded_constraint.2D_2D_kinematic    ...............................................       OK   
kernels/diffusion_with_hanging_node.test_mf    ...............................................................       OK   
multiapps/multilevel.console_to_file    ......................................................................       OK   
mesh/splitting.check_forced_pre_split    ........................................................       [min_cpus=3]       OK   
vectorpostprocessors/line_value_sampler.parallel    .............................................       [min_cpus=3]       OK   
restart/kernel_restartable.parallel_error/error1    .............................................       [min_cpus=2]       OK   
multiapps/max_procs_per_app.test    .............................................................       [min_cpus=3]       OK   
relationship_managers/evaluable.evaluable_neighbors_replicated    ...............................       [min_cpus=3]       OK   
materials/material.exception/rank0    ...........................................................       [min_cpus=4]       OK   
partitioners/petsc_partitioner.parmetis_weight_element    .......................................       [min_cpus=4]       OK   
materials/ad_piecewise_linear_interpolation_material.test_err4    ............................................       OK   
postprocessors/num_elems.test_split    ..........................................................       [min_cpus=4]       OK   
userobjects/threaded_general_user_object.thread_copies_guo/th5    ............................       [min_threads=5]       OK   
interfaces/random.threads_verification_uo    .................................................       [min_threads=2]       OK   
constraints/equal_value_embedded_constraint.2D_2D_penalty    .................................................       OK   
mesh/centroid_partitioner.centroid_partitioner_test    ..........................................       [min_cpus=4]       OK   
restart/kernel_restartable.parallel_error/error2    ..........................................................       OK   
interfaces/random.test_par_mesh    ..............................................................       [min_cpus=2]       OK   
outputs/nemesis.nemesis_elemental_replicated    .................................................       [min_cpus=4]       OK   
mesh/nemesis.nemesis_repartitioning_test    .....................................................       [min_cpus=4]       OK   
postprocessors/num_nodes.test_split    ..........................................................       [min_cpus=4]       OK   
auxkernels/ghosting_aux.show_ghosting    ........................................................       [min_cpus=4]       OK   
userobjects/threaded_general_user_object.thread_copies_guo/th3    ............................       [min_threads=3]       OK   
auxkernels/ghosting_aux.no_ghosting    ..........................................................       [min_cpus=4]       OK   
mesh/nemesis.nemesis_test    ....................................................................       [min_cpus=4]       OK   
restart/kernel_restartable.thread_error/with_threads    ......................................       [min_threads=4]       OK   
userobjects/threaded_general_user_object.thread_copies_guo/th7    ............................       [min_threads=7]       OK   
constraints/equal_value_embedded_constraint.2D_3D_kinematic    ...............................................       OK   
interfaces/random.test_uo_par_mesh    ...........................................................       [min_cpus=2]       OK   
outputs/nemesis.nemesis_scalar_replicated    ....................................................       [min_cpus=4]       OK   
userobjects/threaded_general_user_object.thread_copies_guo/th8    ............................       [min_threads=8]       OK   
userobjects/threaded_general_user_object.thread_copies_guo/th6    ............................       [min_threads=6]       OK   
restart/kernel_restartable.thread_error/threads_error    .....................................       [min_threads=2]       OK   
mesh/checkpoint.test_8    .......................................................................       [min_cpus=8]       OK   
constraints/equal_value_embedded_constraint.2D_3D_penalty    .................................................       OK   
mesh/checkpoint.test_8a    ......................................................................       [min_cpus=8]       OK   
constraints/equal_value_embedded_constraint.3D_3D_kinematic    ...............................................       OK   
constraints/equal_value_embedded_constraint.3D_3D_penalty    .................................................       OK   
--------------------------------------------------------------------------------------------------------------
Ran 2118 tests in 76.7 seconds.
      2118 passed   ,    62 skipped   ,     pending   ,     failed   
